../Core/Src/main.c:73:6:send_history	104	static
../Core/Src/main.c:108:6:buffer_add	16	static
../Core/Src/main.c:131:6:BME280_ReadCalibration	32	static
../Core/Src/main.c:141:6:BME280_Init	32	static
../Core/Src/main.c:156:7:BME280_ReadTemperature	48	static
../Core/Src/main.c:182:5:main	56	static
../Core/Src/main.c:251:6:SystemClock_Config	88	static
../Core/Src/main.c:293:13:MX_I2C1_Init	8	static
../Core/Src/main.c:327:13:MX_USART2_UART_Init	8	static
../Core/Src/main.c:360:13:MX_GPIO_Init	40	static
../Core/Src/main.c:387:6:HAL_UART_RxCpltCallback	24	static
../Core/Src/main.c:426:6:Error_Handler	4	static,ignoring_inline_asm
