../Core/Src/main.c:104:20:ring_put	24	static
../Core/Src/main.c:113:19:ring_get	16	static
../Core/Src/main.c:122:17:crc16_ccitt_false	24	static
../Core/Src/main.c:136:13:uart_send_bytes	16	static
../Core/Src/main.c:141:13:send_escaped_byte	24	static
../Core/Src/main.c:151:13:send_frame	304	static
../Core/Src/main.c:171:13:hist_push	16	static
../Core/Src/main.c:178:16:hist_get_offset	24	static
../Core/Src/main.c:187:13:bme280_start_read_dma	16	static
../Core/Src/main.c:197:13:send_ack	32	static
../Core/Src/main.c:203:13:send_nack	32	static
../Core/Src/main.c:212:13:send_history	304	static
../Core/Src/main.c:244:13:protocol_handle_cmd	48	static
../Core/Src/main.c:291:13:protocol_on_frame	32	static
../Core/Src/main.c:321:13:protocol_parse_byte	16	static
../Core/Src/main.c:341:13:protocol_poll	16	static
../Core/Src/main.c:359:5:main	16	static
../Core/Src/main.c:420:6:SystemClock_Config	88	static
../Core/Src/main.c:465:6:HAL_UART_RxCpltCallback	16	static
../Core/Src/main.c:474:6:HAL_I2C_MemRxCpltCallback	24	static
../Core/Src/main.c:493:6:Error_Handler	4	static,ignoring_inline_asm
