../Core/Src/main.c:155:24:rb_next	16	static
../Core/Src/main.c:157:20:rxring_put	24	static
../Core/Src/main.c:165:19:rxring_get	16	static
../Core/Src/main.c:172:19:txring_put	24	static
../Core/Src/main.c:180:19:txring_get	16	static
../Core/Src/main.c:187:13:uart_tx_kick	8	static
../Core/Src/main.c:196:17:crc16_ccitt_false	24	static
../Core/Src/main.c:210:13:proto_put_escaped	16	static
../Core/Src/main.c:224:13:send_frame	296	static,ignoring_inline_asm
../Core/Src/main.c:263:13:send_ack	32	static
../Core/Src/main.c:268:13:send_nack	32	static
../Core/Src/main.c:274:13:hist_push	16	static
../Core/Src/main.c:280:16:hist_get_offset	24	static
../Core/Src/main.c:289:16:bme_comp_temp_x100	32	static
../Core/Src/main.c:304:13:bme_init_temp_only	40	static
../Core/Src/main.c:326:13:bme280_start_read_dma	16	static
../Core/Src/main.c:337:13:send_history	304	static
../Core/Src/main.c:367:13:protocol_handle_cmd	48	static
../Core/Src/main.c:417:13:protocol_on_frame	32	static
../Core/Src/main.c:445:13:protocol_parse_byte	16	static
../Core/Src/main.c:471:13:protocol_poll	16	static
../Core/Src/main.c:475:13:uart_rx_dma_poll_to_ring	16	static
../Core/Src/main.c:512:5:main	16	static
../Core/Src/main.c:572:6:SystemClock_Config	88	static
../Core/Src/main.c:619:6:HAL_UART_TxCpltCallback	16	static
../Core/Src/main.c:630:6:HAL_I2C_MemRxCpltCallback	24	static
../Core/Src/main.c:646:6:HAL_I2C_ErrorCallback	16	static
../Core/Src/main.c:660:6:Error_Handler	4	static,ignoring_inline_asm
