../Core/Src/main.c:95:13:led_on	8	static
../Core/Src/main.c:96:13:led_off	8	static
../Core/Src/main.c:97:13:led_toggle	8	static
../Core/Src/main.c:100:13:uart_printf	272	static
../Core/Src/main.c:111:13:rx_ring_push	24	static
../Core/Src/main.c:123:12:rx_ring_pop	16	static
../Core/Src/main.c:132:13:cmdq_push	16	static
../Core/Src/main.c:145:12:cmdq_pop	16	static
../Core/Src/main.c:156:13:trim	32	static
../Core/Src/main.c:165:12:starts_with	16	static
../Core/Src/main.c:171:13:handle_command	40	static
../Core/Src/main.c:245:13:process_uart_bytes	16	static
../Core/Src/main.c:280:5:main	136	static
../Core/Src/main.c:351:6:SystemClock_Config	88	static
../Core/Src/main.c:400:13:MX_IWDG_Init	8	static
../Core/Src/main.c:428:13:MX_TIM6_Init	16	static
../Core/Src/main.c:466:13:MX_USART2_UART_Init	8	static
../Core/Src/main.c:499:13:MX_GPIO_Init	48	static
../Core/Src/main.c:534:6:HAL_TIM_PeriodElapsedCallback	16	static
../Core/Src/main.c:551:6:HAL_UART_RxCpltCallback	16	static
../Core/Src/main.c:566:6:Error_Handler	4	static,ignoring_inline_asm
