Archive member included to satisfy reference by file (symbol)

C:/Users/HAHHAHAHAHAHAH/Documents/STM32CubeIDE_1.19.0/STM32CubeIDE/plugins/com.st.stm32cube.ide.mcu.externaltools.gnu-tools-for-stm32.13.3.rel1.win32_1.0.0.202411081344/tools/bin/../lib/gcc/arm-none-eabi/13.3.1/../../../../arm-none-eabi/lib/thumb/v7e-m+fp/hard\libc_nano.a(libc_a-exit.o)
                              C:/Users/HAHHAHAHAHAHAH/Documents/STM32CubeIDE_1.19.0/STM32CubeIDE/plugins/com.st.stm32cube.ide.mcu.externaltools.gnu-tools-for-stm32.13.3.rel1.win32_1.0.0.202411081344/tools/bin/../lib/gcc/arm-none-eabi/13.3.1/../../../../arm-none-eabi/lib/thumb/v7e-m+fp/hard/crt0.o (exit)
C:/Users/HAHHAHAHAHAHAH/Documents/STM32CubeIDE_1.19.0/STM32CubeIDE/plugins/com.st.stm32cube.ide.mcu.externaltools.gnu-tools-for-stm32.13.3.rel1.win32_1.0.0.202411081344/tools/bin/../lib/gcc/arm-none-eabi/13.3.1/../../../../arm-none-eabi/lib/thumb/v7e-m+fp/hard\libc_nano.a(libc_a-findfp.o)
                              C:/Users/HAHHAHAHAHAHAH/Documents/STM32CubeIDE_1.19.0/STM32CubeIDE/plugins/com.st.stm32cube.ide.mcu.externaltools.gnu-tools-for-stm32.13.3.rel1.win32_1.0.0.202411081344/tools/bin/../lib/gcc/arm-none-eabi/13.3.1/../../../../arm-none-eabi/lib/thumb/v7e-m+fp/hard\libc_nano.a(libc_a-exit.o) (__stdio_exit_handler)
C:/Users/HAHHAHAHAHAHAH/Documents/STM32CubeIDE_1.19.0/STM32CubeIDE/plugins/com.st.stm32cube.ide.mcu.externaltools.gnu-tools-for-stm32.13.3.rel1.win32_1.0.0.202411081344/tools/bin/../lib/gcc/arm-none-eabi/13.3.1/../../../../arm-none-eabi/lib/thumb/v7e-m+fp/hard\libc_nano.a(libc_a-fwalk.o)
                              C:/Users/HAHHAHAHAHAHAH/Documents/STM32CubeIDE_1.19.0/STM32CubeIDE/plugins/com.st.stm32cube.ide.mcu.externaltools.gnu-tools-for-stm32.13.3.rel1.win32_1.0.0.202411081344/tools/bin/../lib/gcc/arm-none-eabi/13.3.1/../../../../arm-none-eabi/lib/thumb/v7e-m+fp/hard\libc_nano.a(libc_a-findfp.o) (_fwalk_sglue)
C:/Users/HAHHAHAHAHAHAH/Documents/STM32CubeIDE_1.19.0/STM32CubeIDE/plugins/com.st.stm32cube.ide.mcu.externaltools.gnu-tools-for-stm32.13.3.rel1.win32_1.0.0.202411081344/tools/bin/../lib/gcc/arm-none-eabi/13.3.1/../../../../arm-none-eabi/lib/thumb/v7e-m+fp/hard\libc_nano.a(libc_a-stdio.o)
                              C:/Users/HAHHAHAHAHAHAH/Documents/STM32CubeIDE_1.19.0/STM32CubeIDE/plugins/com.st.stm32cube.ide.mcu.externaltools.gnu-tools-for-stm32.13.3.rel1.win32_1.0.0.202411081344/tools/bin/../lib/gcc/arm-none-eabi/13.3.1/../../../../arm-none-eabi/lib/thumb/v7e-m+fp/hard\libc_nano.a(libc_a-findfp.o) (__sread)
C:/Users/HAHHAHAHAHAHAH/Documents/STM32CubeIDE_1.19.0/STM32CubeIDE/plugins/com.st.stm32cube.ide.mcu.externaltools.gnu-tools-for-stm32.13.3.rel1.win32_1.0.0.202411081344/tools/bin/../lib/gcc/arm-none-eabi/13.3.1/../../../../arm-none-eabi/lib/thumb/v7e-m+fp/hard\libc_nano.a(libc_a-memset.o)
                              C:/Users/HAHHAHAHAHAHAH/Documents/STM32CubeIDE_1.19.0/STM32CubeIDE/plugins/com.st.stm32cube.ide.mcu.externaltools.gnu-tools-for-stm32.13.3.rel1.win32_1.0.0.202411081344/tools/bin/../lib/gcc/arm-none-eabi/13.3.1/../../../../arm-none-eabi/lib/thumb/v7e-m+fp/hard/crt0.o (memset)
C:/Users/HAHHAHAHAHAHAH/Documents/STM32CubeIDE_1.19.0/STM32CubeIDE/plugins/com.st.stm32cube.ide.mcu.externaltools.gnu-tools-for-stm32.13.3.rel1.win32_1.0.0.202411081344/tools/bin/../lib/gcc/arm-none-eabi/13.3.1/../../../../arm-none-eabi/lib/thumb/v7e-m+fp/hard\libc_nano.a(libc_a-closer.o)
                              C:/Users/HAHHAHAHAHAHAH/Documents/STM32CubeIDE_1.19.0/STM32CubeIDE/plugins/com.st.stm32cube.ide.mcu.externaltools.gnu-tools-for-stm32.13.3.rel1.win32_1.0.0.202411081344/tools/bin/../lib/gcc/arm-none-eabi/13.3.1/../../../../arm-none-eabi/lib/thumb/v7e-m+fp/hard\libc_nano.a(libc_a-stdio.o) (_close_r)
C:/Users/HAHHAHAHAHAHAH/Documents/STM32CubeIDE_1.19.0/STM32CubeIDE/plugins/com.st.stm32cube.ide.mcu.externaltools.gnu-tools-for-stm32.13.3.rel1.win32_1.0.0.202411081344/tools/bin/../lib/gcc/arm-none-eabi/13.3.1/../../../../arm-none-eabi/lib/thumb/v7e-m+fp/hard\libc_nano.a(libc_a-reent.o)
                              C:/Users/HAHHAHAHAHAHAH/Documents/STM32CubeIDE_1.19.0/STM32CubeIDE/plugins/com.st.stm32cube.ide.mcu.externaltools.gnu-tools-for-stm32.13.3.rel1.win32_1.0.0.202411081344/tools/bin/../lib/gcc/arm-none-eabi/13.3.1/../../../../arm-none-eabi/lib/thumb/v7e-m+fp/hard\libc_nano.a(libc_a-closer.o) (errno)
C:/Users/HAHHAHAHAHAHAH/Documents/STM32CubeIDE_1.19.0/STM32CubeIDE/plugins/com.st.stm32cube.ide.mcu.externaltools.gnu-tools-for-stm32.13.3.rel1.win32_1.0.0.202411081344/tools/bin/../lib/gcc/arm-none-eabi/13.3.1/../../../../arm-none-eabi/lib/thumb/v7e-m+fp/hard\libc_nano.a(libc_a-impure.o)
                              C:/Users/HAHHAHAHAHAHAH/Documents/STM32CubeIDE_1.19.0/STM32CubeIDE/plugins/com.st.stm32cube.ide.mcu.externaltools.gnu-tools-for-stm32.13.3.rel1.win32_1.0.0.202411081344/tools/bin/../lib/gcc/arm-none-eabi/13.3.1/../../../../arm-none-eabi/lib/thumb/v7e-m+fp/hard\libc_nano.a(libc_a-reent.o) (_impure_ptr)
[...]
Memory Configuration

Name             Origin             Length             Attributes
RAM              0x20000000         0x00020000         xrw
FLASH            0x08000000         0x00080000         xr
*default*        0x00000000         0xffffffff

Linker script and memory map

LOAD C:/Users/HAHHAHAHAHAHAH/Documents/STM32CubeIDE_1.19.0/STM32CubeIDE/plugins/com.st.stm32cube.ide.mcu.externaltools.gnu-tools-for-stm32.13.3.rel1.win32_1.0.0.202411081344/tools/bin/../lib/gcc/arm-none-eabi/13.3.1/thumb/v7e-m+fp/hard/crti.o
LOAD C:/Users/HAHHAHAHAHAHAH/Documents/STM32CubeIDE_1.19.0/STM32CubeIDE/plugins/com.st.stm32cube.ide.mcu.externaltools.gnu-tools-for-stm32.13.3.rel1.win32_1.0.0.202411081344/tools/bin/../lib/gcc/arm-none-eabi/13.3.1/thumb/v7e-m+fp/hard/crtbegin.o
LOAD C:/Users/HAHHAHAHAHAHAH/Documents/STM32CubeIDE_1.19.0/STM32CubeIDE/plugins/com.st.stm32cube.ide.mcu.externaltools.gnu-tools-for-stm32.13.3.rel1.win32_1.0.0.202411081344/tools/bin/../lib/gcc/arm-none-eabi/13.3.1/../../../../arm-none-eabi/lib/thumb/v7e-m+fp/hard/crt0.o
LOAD ./Core/Src/dma.o
LOAD ./Core/Src/gpio.o
LOAD ./Core/Src/i2c.o
LOAD ./Core/Src/main.o
LOAD ./Core/Src/stm32f4xx_hal_msp.o
LOAD ./Core/Src/stm32f4xx_it.o
LOAD ./Core/Src/syscalls.o
LOAD ./Core/Src/sysmem.o
LOAD ./Core/Src/system_stm32f4xx.o
LOAD ./Core/Src/usart.o
LOAD ./Core/Startup/startup_stm32f446retx.o
LOAD ./Drivers/STM32F4xx_HAL_Driver/Src/stm32f4xx_hal.o
LOAD ./Drivers/STM32F4xx_HAL_Driver/Src/stm32f4xx_hal_cortex.o
LOAD ./Drivers/STM32F4xx_HAL_Driver/Src/stm32f4xx_hal_dma.o
LOAD ./Drivers/STM32F4xx_HAL_Driver/Src/stm32f4xx_hal_dma_ex.o
LOAD ./Drivers/STM32F4xx_HAL_Driver/Src/stm32f4xx_hal_exti.o
LOAD ./Drivers/STM32F4xx_HAL_Driver/Src/stm32f4xx_hal_flash.o
LOAD ./Drivers/STM32F4xx_HAL_Driver/Src/stm32f4xx_hal_flash_ex.o
LOAD ./Drivers/STM32F4xx_HAL_Driver/Src/stm32f4xx_hal_flash_ramfunc.o
LOAD ./Drivers/STM32F4xx_HAL_Driver/Src/stm32f4xx_hal_gpio.o
LOAD ./Drivers/STM32F4xx_HAL_Driver/Src/stm32f4xx_hal_i2c.o
LOAD ./Drivers/STM32F4xx_HAL_Driver/Src/stm32f4xx_hal_i2c_ex.o
LOAD ./Drivers/STM32F4xx_HAL_Driver/Src/stm32f4xx_hal_pwr.o
LOAD ./Drivers/STM32F4xx_HAL_Driver/Src/stm32f4xx_hal_pwr_ex.o
LOAD ./Drivers/STM32F4xx_HAL_Driver/Src/stm32f4xx_hal_rcc.o
LOAD ./Drivers/STM32F4xx_HAL_Driver/Src/stm32f4xx_hal_rcc_ex.o
LOAD ./Drivers/STM32F4xx_HAL_Driver/Src/stm32f4xx_hal_uart.o
START GROUP
LOAD C:/Users/HAHHAHAHAHAHAH/Documents/STM32CubeIDE_1.19.0/STM32CubeIDE/plugins/com.st.stm32cube.ide.mcu.externaltools.gnu-tools-for-stm32.13.3.rel1.win32_1.0.0.202411081344/tools/bin/../lib/gcc/arm-none-eabi/13.3.1/../../../../arm-none-eabi/lib/thumb/v7e-m+fp/hard\libc_nano.a
LOAD C:/Users/HAHHAHAHAHAHAH/Documents/STM32CubeIDE_1.19.0/STM32CubeIDE/plugins/com.st.stm32cube.ide.mcu.externaltools.gnu-tools-for-stm32.13.3.rel1.win32_1.0.0.202411081344/tools/bin/../lib/gcc/arm-none-eabi/13.3.1/../../../../arm-none-eabi/lib/thumb/v7e-m+fp/hard\libm.a
END GROUP
START GROUP
LOAD C:/Users/HAHHAHAHAHAHAH/Documents/STM32CubeIDE_1.19.0/STM32CubeIDE/plugins/com.st.stm32cube.ide.mcu.externaltools.gnu-tools-for-stm32.13.3.rel1.win32_1.0.0.202411081344/tools/bin/../lib/gcc/arm-none-eabi/13.3.1/thumb/v7e-m+fp/hard\libgcc.a
LOAD C:/Users/HAHHAHAHAHAHAH/Documents/STM32CubeIDE_1.19.0/STM32CubeIDE/plugins/com.st.stm32cube.ide.mcu.externaltools.gnu-tools-for-stm32.13.3.rel1.win32_1.0.0.202411081344/tools/bin/../lib/gcc/arm-none-eabi/13.3.1/../../../../arm-none-eabi/lib/thumb/v7e-m+fp/hard\libc_nano.a
END GROUP
START GROUP
LOAD C:/Users/HAHHAHAHAHAHAH/Documents/STM32CubeIDE_1.19.0/STM32CubeIDE/plugins/com.st.stm32cube.ide.mcu.externaltools.gnu-tools-for-stm32.13.3.rel1.win32_1.0.0.202411081344/tools/bin/../lib/gcc/arm-none-eabi/13.3.1/thumb/v7e-m+fp/hard\libgcc.a
LOAD C:/Users/HAHHAHAHAHAHAH/Documents/STM32CubeIDE_1.19.0/STM32CubeIDE/plugins/com.st.stm32cube.ide.mcu.externaltools.gnu-tools-for-stm32.13.3.rel1.win32_1.0.0.202411081344/tools/bin/../lib/gcc/arm-none-eabi/13.3.1/../../../../arm-none-eabi/lib/thumb/v7e-m+fp/hard\libc_nano.a
LOAD C:/Users/HAHHAHAHAHAHAH/Documents/STM32CubeIDE_1.19.0/STM32CubeIDE/plugins/com.st.stm32cube.ide.mcu.externaltools.gnu-tools-for-stm32.13.3.rel1.win32_1.0.0.202411081344/tools/bin/../lib/gcc/arm-none-eabi/13.3.1/../../../../arm-none-eabi/lib/thumb/v7e-m+fp/hard\libnosys.a
END GROUP
START GROUP
LOAD C:/Users/HAHHAHAHAHAHAH/Documents/STM32CubeIDE_1.19.0/STM32CubeIDE/plugins/com.st.stm32cube.ide.mcu.externaltools.gnu-tools-for-stm32.13.3.rel1.win32_1.0.0.202411081344/tools/bin/../lib/gcc/arm-none-eabi/13.3.1/thumb/v7e-m+fp/hard\libgcc.a
LOAD C:/Users/HAHHAHAHAHAHAH/Documents/STM32CubeIDE_1.19.0/STM32CubeIDE/plugins/com.st.stm32cube.ide.mcu.externaltools.gnu-tools-for-stm32.13.3.rel1.win32_1.0.0.202411081344/tools/bin/../lib/gcc/arm-none-eabi/13.3.1/../../../../arm-none-eabi/lib/thumb/v7e-m+fp/hard\libc_nano.a
LOAD C:/Users/HAHHAHAHAHAHAH/Documents/STM32CubeIDE_1.19.0/STM32CubeIDE/plugins/com.st.stm32cube.ide.mcu.externaltools.gnu-tools-for-stm32.13.3.rel1.win32_1.0.0.202411081344/tools/bin/../lib/gcc/arm-none-eabi/13.3.1/../../../../arm-none-eabi/lib/thumb/v7e-m+fp/hard\libnosys.a
END GROUP
LOAD C:/Users/HAHHAHAHAHAHAH/Documents/STM32CubeIDE_1.19.0/STM32CubeIDE/plugins/com.st.stm32cube.ide.mcu.externaltools.gnu-tools-for-stm32.13.3.rel1.win32_1.0.0.202411081344/tools/bin/../lib/gcc/arm-none-eabi/13.3.1/thumb/v7e-m+fp/hard/crtend.o
LOAD C:/Users/HAHHAHAHAHAHAH/Documents/STM32CubeIDE_1.19.0/STM32CubeIDE/plugins/com.st.stm32cube.ide.mcu.externaltools.gnu-tools-for-stm32.13.3.rel1.win32_1.0.0.202411081344/tools/bin/../lib/gcc/arm-none-eabi/13.3.1/thumb/v7e-m+fp/hard/crtn.o
                0x20020000                        _estack = (ORIGIN (RAM) + LENGTH (RAM))
                0x00000200                        _Min_Heap_Size = 0x200
                0x00000400                        _Min_Stack_Size = 0x400

.isr_vector     0x08000000      0x1c4
                0x08000000                        . = ALIGN (0x4)
 *(.isr_vector)
 .isr_vector    0x08000000      0x1c4 ./Core/Startup/startup_stm32f446retx.o
                0x08000000                g_pfnVectors
                0x080001c4                        . = ALIGN (0x4)

.text           0x080001c4     0x67d0
                0x080001c4                        . = ALIGN (0x4)
 *(.text)
 .text          0x080001c4       0x40 C:/Users/HAHHAHAHAHAHAH/Documents/STM32CubeIDE_1.19.0/STM32CubeIDE/plugins/com.st.stm32cube.ide.mcu.externaltools.gnu-tools-for-stm32.13.3.rel1.win32_1.0.0.202411081344/tools/bin/../lib/gcc/arm-none-eabi/13.3.1/thumb/v7e-m+fp/hard/crtbegin.o
 .text          0x08000204       0x30 C:/Users/HAHHAHAHAHAHAH/Documents/STM32CubeIDE_1.19.0/STM32CubeIDE/plugins/com.st.stm32cube.ide.mcu.externaltools.gnu-tools-for-stm32.13.3.rel1.win32_1.0.0.202411081344/tools/bin/../lib/gcc/arm-none-eabi/13.3.1/thumb/v7e-m+fp/hard\libgcc.a(_aeabi_uldivmod.o)
                0x08000204                __aeabi_uldivmod
 .text          0x08000234      0x2f8 C:/Users/HAHHAHAHAHAHAH/Documents/STM32CubeIDE_1.19.0/STM32CubeIDE/plugins/com.st.stm32cube.ide.mcu.externaltools.gnu-tools-for-stm32.13.3.rel1.win32_1.0.0.202411081344/tools/bin/../lib/gcc/arm-none-eabi/13.3.1/thumb/v7e-m+fp/hard\libgcc.a(_udivmoddi4.o)
                0x08000234                __udivmoddi4
 .text          0x0800052c        0x4 C:/Users/HAHHAHAHAHAHAH/Documents/STM32CubeIDE_1.19.0/STM32CubeIDE/plugins/com.st.stm32cube.ide.mcu.externaltools.gnu-tools-for-stm32.13.3.rel1.win32_1.0.0.202411081344/tools/bin/../lib/gcc/arm-none-eabi/13.3.1/thumb/v7e-m+fp/hard\libgcc.a(_dvmd_tls.o)
                0x0800052c                __aeabi_idiv0
                0x0800052c                __aeabi_ldiv0
 *(.text*)
 .text.MX_DMA_Init
                0x08000530       0x40 ./Core/Src/dma.o
                0x08000530                MX_DMA_Init
 .text.MX_GPIO_Init
                0x08000570       0xec ./Core/Src/gpio.o
                0x08000570                MX_GPIO_Init
 .text.MX_I2C1_Init
                0x0800065c       0x5c ./Core/Src/i2c.o
                0x0800065c                MX_I2C1_Init
 .text.HAL_I2C_MspInit
                0x080006b8      0x114 ./Core/Src/i2c.o
                0x080006b8                HAL_I2C_MspInit
 .text.ring_put
                0x080007cc       0x58 ./Core/Src/main.o
 .text.ring_get
                0x08000824       0x62 ./Core/Src/main.o
 .text.crc16_ccitt_false
                0x08000886       0x82 ./Core/Src/main.o
 .text.uart_send_bytes
                0x08000908       0x28 ./Core/Src/main.o
 .text.send_escaped_byte
                0x08000930       0x4c ./Core/Src/main.o
 .text.send_frame
                0x0800097c      0x158 ./Core/Src/main.o
 .text.hist_push
                0x08000ad4       0x74 ./Core/Src/main.o
 .text.hist_get_offset
                0x08000b48       0x88 ./Core/Src/main.o
 .text.bme280_start_read_dma
                0x08000bd0       0x40 ./Core/Src/main.o
 .text.send_ack
                0x08000c10       0x2e ./Core/Src/main.o
 .text.send_nack
                0x08000c3e       0x34 ./Core/Src/main.o
 *fill*         0x08000c72        0x2 
 .text.send_history
                0x08000c74      0x22c ./Core/Src/main.o
 .text.protocol_handle_cmd
                0x08000ea0      0x1d8 ./Core/Src/main.o
 .text.protocol_on_frame
                0x08001078       0xd0 ./Core/Src/main.o
 .text.protocol_parse_byte
                0x08001148       0xc0 ./Core/Src/main.o
 .text.protocol_poll
                0x08001208       0x30 ./Core/Src/main.o
 .text.main     0x08001238       0x84 ./Core/Src/main.o
                0x08001238                main
 .text.SystemClock_Config
                0x080012bc       0xdc ./Core/Src/main.o
                0x080012bc                SystemClock_Config
 .text.HAL_UART_RxCpltCallback
                0x08001398       0x40 ./Core/Src/main.o
                0x08001398                HAL_UART_RxCpltCallback
 .text.HAL_I2C_MemRxCpltCallback
                0x080013d8       0x44 ./Core/Src/main.o
                0x080013d8                HAL_I2C_MemRxCpltCallback
 .text.Error_Handler
                0x0800141c        0xc ./Core/Src/main.o
                0x0800141c                Error_Handler
 .text.HAL_MspInit
                0x08001428       0x50 ./Core/Src/stm32f4xx_hal_msp.o
                0x08001428                HAL_MspInit
 .text.NMI_Handler
                0x08001478        0x8 ./Core/Src/stm32f4xx_it.o
                0x08001478                NMI_Handler
 .text.HardFault_Handler
                0x08001480        0x8 ./Core/Src/stm32f4xx_it.o
                0x08001480                HardFault_Handler
 .text.MemManage_Handler
                0x08001488        0x8 ./Core/Src/stm32f4xx_it.o
                0x08001488                MemManage_Handler
 .text.BusFault_Handler
                0x08001490        0x8 ./Core/Src/stm32f4xx_it.o
                0x08001490                BusFault_Handler
 .text.UsageFault_Handler
                0x08001498        0x8 ./Core/Src/stm32f4xx_it.o
                0x08001498                UsageFault_Handler
 .text.SVC_Handler
                0x080014a0        0xe ./Core/Src/stm32f4xx_it.o
                0x080014a0                SVC_Handler
 .text.DebugMon_Handler
                0x080014ae        0xe ./Core/Src/stm32f4xx_it.o
                0x080014ae                DebugMon_Handler
 .text.PendSV_Handler
                0x080014bc        0xe ./Core/Src/stm32f4xx_it.o
                0x080014bc                PendSV_Handler
 .text.SysTick_Handler
                0x080014ca        0xc ./Core/Src/stm32f4xx_it.o
                0x080014ca                SysTick_Handler
 *fill*         0x080014d6        0x2 
 .text.DMA1_Stream0_IRQHandler
                0x080014d8       0x14 ./Core/Src/stm32f4xx_it.o
                0x080014d8                DMA1_Stream0_IRQHandler
 .text.I2C1_EV_IRQHandler
                0x080014ec       0x14 ./Core/Src/stm32f4xx_it.o
                0x080014ec                I2C1_EV_IRQHandler
 .text.I2C1_ER_IRQHandler
                0x08001500       0x14 ./Core/Src/stm32f4xx_it.o
                0x08001500                I2C1_ER_IRQHandler
 .text.USART2_IRQHandler
                0x08001514       0x14 ./Core/Src/stm32f4xx_it.o
                0x08001514                USART2_IRQHandler
 .text.EXTI15_10_IRQHandler
                0x08001528       0x10 ./Core/Src/stm32f4xx_it.o
                0x08001528                EXTI15_10_IRQHandler
 .text.SystemInit
                0x08001538       0x24 ./Core/Src/system_stm32f4xx.o
                0x08001538                SystemInit
 .text.MX_USART2_UART_Init
                0x0800155c       0x54 ./Core/Src/usart.o
                0x0800155c                MX_USART2_UART_Init
 .text.HAL_UART_MspInit
                0x080015b0       0xa0 ./Core/Src/usart.o
                0x080015b0                HAL_UART_MspInit
 .text.Reset_Handler
                0x08001650       0x50 ./Core/Startup/startup_stm32f446retx.o
                0x08001650                Reset_Handler
 .text.Default_Handler
                0x080016a0        0x2 ./Core/Startup/startup_stm32f446retx.o
                0x080016a0                RTC_Alarm_IRQHandler
                0x080016a0                EXTI2_IRQHandler
                0x080016a0                TIM8_CC_IRQHandler
                0x080016a0                FMPI2C1_EV_IRQHandler
                0x080016a0                SPI4_IRQHandler
                0x080016a0                TIM1_CC_IRQHandler
                0x080016a0                DMA2_Stream5_IRQHandler
                0x080016a0                DMA1_Stream5_IRQHandler
                0x080016a0                PVD_IRQHandler
                0x080016a0                SDIO_IRQHandler
                0x080016a0                TAMP_STAMP_IRQHandler
                0x080016a0                CAN2_RX1_IRQHandler
                0x080016a0                EXTI3_IRQHandler
                0x080016a0                TIM8_TRG_COM_TIM14_IRQHandler
                0x080016a0                TIM1_UP_TIM10_IRQHandler
                0x080016a0                TIM8_UP_TIM13_IRQHandler
                0x080016a0                I2C3_ER_IRQHandler
                0x080016a0                EXTI0_IRQHandler
                0x080016a0                I2C2_EV_IRQHandler
                0x080016a0                DMA1_Stream2_IRQHandler
                0x080016a0                CAN1_RX0_IRQHandler
                0x080016a0                FPU_IRQHandler
                0x080016a0                OTG_HS_WKUP_IRQHandler
                0x080016a0                CAN2_SCE_IRQHandler
                0x080016a0                DMA2_Stream2_IRQHandler
                0x080016a0                SPI1_IRQHandler
                0x080016a0                TIM6_DAC_IRQHandler
                0x080016a0                TIM1_BRK_TIM9_IRQHandler
                0x080016a0                DCMI_IRQHandler
                0x080016a0                CAN2_RX0_IRQHandler
                0x080016a0                DMA2_Stream3_IRQHandler
                0x080016a0                SAI2_IRQHandler
                0x080016a0                USART6_IRQHandler
                0x080016a0                USART3_IRQHandler
                0x080016a0                CAN1_RX1_IRQHandler
                0x080016a0                UART5_IRQHandler
                0x080016a0                DMA2_Stream0_IRQHandler
                0x080016a0                TIM4_IRQHandler
                0x080016a0                QUADSPI_IRQHandler
                0x080016a0                DMA1_Stream6_IRQHandler
                0x080016a0                DMA1_Stream1_IRQHandler
                0x080016a0                UART4_IRQHandler
                0x080016a0                TIM3_IRQHandler
                0x080016a0                RCC_IRQHandler
                0x080016a0                TIM8_BRK_TIM12_IRQHandler
                0x080016a0                Default_Handler
                0x080016a0                CEC_IRQHandler
                0x080016a0                ADC_IRQHandler
                0x080016a0                DMA1_Stream7_IRQHandler
                0x080016a0                TIM7_IRQHandler
                0x080016a0                CAN2_TX_IRQHandler
                0x080016a0                TIM5_IRQHandler
                0x080016a0                DMA2_Stream7_IRQHandler
                0x080016a0                I2C3_EV_IRQHandler
                0x080016a0                EXTI9_5_IRQHandler
                0x080016a0                RTC_WKUP_IRQHandler
                0x080016a0                SPDIF_RX_IRQHandler
                0x080016a0                SPI2_IRQHandler
                0x080016a0                OTG_HS_EP1_IN_IRQHandler
                0x080016a0                CAN1_TX_IRQHandler
                0x080016a0                FMPI2C1_ER_IRQHandler
                0x080016a0                EXTI4_IRQHandler
                0x080016a0                OTG_HS_EP1_OUT_IRQHandler
                0x080016a0                WWDG_IRQHandler
                0x080016a0                TIM2_IRQHandler
                0x080016a0                OTG_FS_WKUP_IRQHandler
                0x080016a0                TIM1_TRG_COM_TIM11_IRQHandler
                0x080016a0                OTG_HS_IRQHandler
                0x080016a0                EXTI1_IRQHandler
                0x080016a0                I2C2_ER_IRQHandler
                0x080016a0                DMA2_Stream1_IRQHandler
                0x080016a0                CAN1_SCE_IRQHandler
                0x080016a0                FLASH_IRQHandler
                0x080016a0                DMA2_Stream4_IRQHandler
                0x080016a0                USART1_IRQHandler
                0x080016a0                OTG_FS_IRQHandler
                0x080016a0                SPI3_IRQHandler
                0x080016a0                DMA1_Stream4_IRQHandler
                0x080016a0                FMC_IRQHandler
                0x080016a0                DMA2_Stream6_IRQHandler
                0x080016a0                SAI1_IRQHandler
                0x080016a0                DMA1_Stream3_IRQHandler
 *fill*         0x080016a2        0x2 
 .text.HAL_Init
                0x080016a4       0x44 ./Drivers/STM32F4xx_HAL_Driver/Src/stm32f4xx_hal.o
                0x080016a4                HAL_Init
 .text.HAL_InitTick
                0x080016e8       0x60 ./Drivers/STM32F4xx_HAL_Driver/Src/stm32f4xx_hal.o
                0x080016e8                HAL_InitTick
 .text.HAL_IncTick
                0x08001748       0x28 ./Drivers/STM32F4xx_HAL_Driver/Src/stm32f4xx_hal.o
                0x08001748                HAL_IncTick
 .text.HAL_GetTick
                0x08001770       0x18 ./Drivers/STM32F4xx_HAL_Driver/Src/stm32f4xx_hal.o
                0x08001770                HAL_GetTick
 .text.__NVIC_SetPriorityGrouping
                0x08001788       0x48 ./Drivers/STM32F4xx_HAL_Driver/Src/stm32f4xx_hal_cortex.o
 .text.__NVIC_GetPriorityGrouping
                0x080017d0       0x1c ./Drivers/STM32F4xx_HAL_Driver/Src/stm32f4xx_hal_cortex.o
 .text.__NVIC_EnableIRQ
                0x080017ec       0x3c ./Drivers/STM32F4xx_HAL_Driver/Src/stm32f4xx_hal_cortex.o
 .text.__NVIC_SetPriority
                0x08001828       0x54 ./Drivers/STM32F4xx_HAL_Driver/Src/stm32f4xx_hal_cortex.o
 .text.NVIC_EncodePriority
                0x0800187c       0x66 ./Drivers/STM32F4xx_HAL_Driver/Src/stm32f4xx_hal_cortex.o
 *fill*         0x080018e2        0x2 
 .text.SysTick_Config
                0x080018e4       0x44 ./Drivers/STM32F4xx_HAL_Driver/Src/stm32f4xx_hal_cortex.o
 .text.HAL_NVIC_SetPriorityGrouping
                0x08001928       0x16 ./Drivers/STM32F4xx_HAL_Driver/Src/stm32f4xx_hal_cortex.o
                0x08001928                HAL_NVIC_SetPriorityGrouping
 .text.HAL_NVIC_SetPriority
                0x0800193e       0x38 ./Drivers/STM32F4xx_HAL_Driver/Src/stm32f4xx_hal_cortex.o
                0x0800193e                HAL_NVIC_SetPriority
 .text.HAL_NVIC_EnableIRQ
                0x08001976       0x1c ./Drivers/STM32F4xx_HAL_Driver/Src/stm32f4xx_hal_cortex.o
                0x08001976                HAL_NVIC_EnableIRQ
 .text.HAL_SYSTICK_Config
                0x08001992       0x18 ./Drivers/STM32F4xx_HAL_Driver/Src/stm32f4xx_hal_cortex.o
                0x08001992                HAL_SYSTICK_Config
 *fill*         0x080019aa        0x2 
 .text.HAL_DMA_Init
                0x080019ac      0x15c ./Drivers/STM32F4xx_HAL_Driver/Src/stm32f4xx_hal_dma.o
                0x080019ac                HAL_DMA_Init
 .text.HAL_DMA_Start_IT
                0x08001b08       0xb0 ./Drivers/STM32F4xx_HAL_Driver/Src/stm32f4xx_hal_dma.o
                0x08001b08                HAL_DMA_Start_IT
 .text.HAL_DMA_Abort
                0x08001bb8       0xe0 ./Drivers/STM32F4xx_HAL_Driver/Src/stm32f4xx_hal_dma.o
                0x08001bb8                HAL_DMA_Abort
 .text.HAL_DMA_Abort_IT
                0x08001c98       0x44 ./Drivers/STM32F4xx_HAL_Driver/Src/stm32f4xx_hal_dma.o
                0x08001c98                HAL_DMA_Abort_IT
 .text.HAL_DMA_IRQHandler
                0x08001cdc      0x314 ./Drivers/STM32F4xx_HAL_Driver/Src/stm32f4xx_hal_dma.o
                0x08001cdc                HAL_DMA_IRQHandler
 .text.HAL_DMA_GetState
                0x08001ff0       0x1c ./Drivers/STM32F4xx_HAL_Driver/Src/stm32f4xx_hal_dma.o
                0x08001ff0                HAL_DMA_GetState
 .text.HAL_DMA_GetError
                0x0800200c       0x18 ./Drivers/STM32F4xx_HAL_Driver/Src/stm32f4xx_hal_dma.o
                0x0800200c                HAL_DMA_GetError
 .text.DMA_SetConfig
                0x08002024       0x5c ./Drivers/STM32F4xx_HAL_Driver/Src/stm32f4xx_hal_dma.o
 .text.DMA_CalcBaseAndBitshift
                0x08002080       0x6c ./Drivers/STM32F4xx_HAL_Driver/Src/stm32f4xx_hal_dma.o
 .text.DMA_CheckFifoParam
                0x080020ec       0xf8 ./Drivers/STM32F4xx_HAL_Driver/Src/stm32f4xx_hal_dma.o
 .text.HAL_GPIO_Init
                0x080021e4      0x328 ./Drivers/STM32F4xx_HAL_Driver/Src/stm32f4xx_hal_gpio.o
                0x080021e4                HAL_GPIO_Init
 .text.HAL_GPIO_WritePin
                0x0800250c       0x32 ./Drivers/STM32F4xx_HAL_Driver/Src/stm32f4xx_hal_gpio.o
                0x0800250c                HAL_GPIO_WritePin
 *fill*         0x0800253e        0x2 
 .text.HAL_GPIO_EXTI_IRQHandler
                0x08002540       0x30 ./Drivers/STM32F4xx_HAL_Driver/Src/stm32f4xx_hal_gpio.o
                0x08002540                HAL_GPIO_EXTI_IRQHandler
 .text.HAL_GPIO_EXTI_Callback
                0x08002570       0x16 ./Drivers/STM32F4xx_HAL_Driver/Src/stm32f4xx_hal_gpio.o
                0x08002570                HAL_GPIO_EXTI_Callback
 *fill*         0x08002586        0x2 
 .text.HAL_I2C_Init
                0x08002588      0x288 ./Drivers/STM32F4xx_HAL_Driver/Src/stm32f4xx_hal_i2c.o
                0x08002588                HAL_I2C_Init
 .text.I2C_Flush_DR
                0x08002810       0x2a ./Drivers/STM32F4xx_HAL_Driver/Src/stm32f4xx_hal_i2c.o
 *fill*         0x0800283a        0x2 
 .text.HAL_I2C_Mem_Read_DMA
                0x0800283c      0x320 ./Drivers/STM32F4xx_HAL_Driver/Src/stm32f4xx_hal_i2c.o
                0x0800283c                HAL_I2C_Mem_Read_DMA
 .text.HAL_I2C_EV_IRQHandler
                0x08002b5c      0x2e2 ./Drivers/STM32F4xx_HAL_Driver/Src/stm32f4xx_hal_i2c.o
                0x08002b5c                HAL_I2C_EV_IRQHandler
 .text.HAL_I2C_ER_IRQHandler
                0x08002e3e      0x14e ./Drivers/STM32F4xx_HAL_Driver/Src/stm32f4xx_hal_i2c.o
                0x08002e3e                HAL_I2C_ER_IRQHandler
 .text.HAL_I2C_MasterTxCpltCallback
                0x08002f8c       0x14 ./Drivers/STM32F4xx_HAL_Driver/Src/stm32f4xx_hal_i2c.o
                0x08002f8c                HAL_I2C_MasterTxCpltCallback
 .text.HAL_I2C_MasterRxCpltCallback
                0x08002fa0       0x14 ./Drivers/STM32F4xx_HAL_Driver/Src/stm32f4xx_hal_i2c.o
                0x08002fa0                HAL_I2C_MasterRxCpltCallback
 .text.HAL_I2C_SlaveTxCpltCallback
                0x08002fb4       0x14 ./Drivers/STM32F4xx_HAL_Driver/Src/stm32f4xx_hal_i2c.o
                0x08002fb4                HAL_I2C_SlaveTxCpltCallback
 .text.HAL_I2C_SlaveRxCpltCallback
                0x08002fc8       0x14 ./Drivers/STM32F4xx_HAL_Driver/Src/stm32f4xx_hal_i2c.o
                0x08002fc8                HAL_I2C_SlaveRxCpltCallback
 .text.HAL_I2C_AddrCallback
                0x08002fdc       0x1c ./Drivers/STM32F4xx_HAL_Driver/Src/stm32f4xx_hal_i2c.o
                0x08002fdc                HAL_I2C_AddrCallback
 .text.HAL_I2C_ListenCpltCallback
                0x08002ff8       0x14 ./Drivers/STM32F4xx_HAL_Driver/Src/stm32f4xx_hal_i2c.o
                0x08002ff8                HAL_I2C_ListenCpltCallback
 .text.HAL_I2C_MemTxCpltCallback
                0x0800300c       0x14 ./Drivers/STM32F4xx_HAL_Driver/Src/stm32f4xx_hal_i2c.o
                0x0800300c                HAL_I2C_MemTxCpltCallback
 .text.HAL_I2C_ErrorCallback
                0x08003020       0x14 ./Drivers/STM32F4xx_HAL_Driver/Src/stm32f4xx_hal_i2c.o
                0x08003020                HAL_I2C_ErrorCallback
 .text.HAL_I2C_AbortCpltCallback
                0x08003034       0x14 ./Drivers/STM32F4xx_HAL_Driver/Src/stm32f4xx_hal_i2c.o
                0x08003034                HAL_I2C_AbortCpltCallback
 .text.I2C_MasterTransmit_TXE
                0x08003048      0x138 ./Drivers/STM32F4xx_HAL_Driver/Src/stm32f4xx_hal_i2c.o
 .text.I2C_MasterTransmit_BTF
                0x08003180       0xec ./Drivers/STM32F4xx_HAL_Driver/Src/stm32f4xx_hal_i2c.o
 .text.I2C_MemoryTransmit_TXE_BTF
                0x0800326c      0x130 ./Drivers/STM32F4xx_HAL_Driver/Src/stm32f4xx_hal_i2c.o
 .text.I2C_MasterReceive_RXNE
                0x0800339c      0x190 ./Drivers/STM32F4xx_HAL_Driver/Src/stm32f4xx_hal_i2c.o
 .text.I2C_MasterReceive_BTF
                0x0800352c      0x1e2 ./Drivers/STM32F4xx_HAL_Driver/Src/stm32f4xx_hal_i2c.o
 .text.I2C_Master_SB
                0x0800370e      0x10c ./Drivers/STM32F4xx_HAL_Driver/Src/stm32f4xx_hal_i2c.o
 .text.I2C_Master_ADD10
                0x0800381a       0x54 ./Drivers/STM32F4xx_HAL_Driver/Src/stm32f4xx_hal_i2c.o
 .text.I2C_Master_ADDR
                0x0800386e      0x322 ./Drivers/STM32F4xx_HAL_Driver/Src/stm32f4xx_hal_i2c.o
 .text.I2C_SlaveTransmit_TXE
                0x08003b90       0x7a ./Drivers/STM32F4xx_HAL_Driver/Src/stm32f4xx_hal_i2c.o
 .text.I2C_SlaveTransmit_BTF
                0x08003c0a       0x42 ./Drivers/STM32F4xx_HAL_Driver/Src/stm32f4xx_hal_i2c.o
 .text.I2C_SlaveReceive_RXNE
                0x08003c4c       0x7c ./Drivers/STM32F4xx_HAL_Driver/Src/stm32f4xx_hal_i2c.o
 .text.I2C_SlaveReceive_BTF
                0x08003cc8       0x44 ./Drivers/STM32F4xx_HAL_Driver/Src/stm32f4xx_hal_i2c.o
 .text.I2C_Slave_ADDR
                0x08003d0c       0x94 ./Drivers/STM32F4xx_HAL_Driver/Src/stm32f4xx_hal_i2c.o
 .text.I2C_Slave_STOPF
                0x08003da0      0x260 ./Drivers/STM32F4xx_HAL_Driver/Src/stm32f4xx_hal_i2c.o
 .text.I2C_Slave_AF
                0x08004000       0xe8 ./Drivers/STM32F4xx_HAL_Driver/Src/stm32f4xx_hal_i2c.o
 .text.I2C_ITError
                0x080040e8      0x264 ./Drivers/STM32F4xx_HAL_Driver/Src/stm32f4xx_hal_i2c.o
 .text.I2C_RequestMemoryRead
                0x0800434c      0x1d0 ./Drivers/STM32F4xx_HAL_Driver/Src/stm32f4xx_hal_i2c.o
 .text.I2C_DMAXferCplt
                0x0800451c      0x1be ./Drivers/STM32F4xx_HAL_Driver/Src/stm32f4xx_hal_i2c.o
 .text.I2C_DMAError
                0x080046da       0x7a ./Drivers/STM32F4xx_HAL_Driver/Src/stm32f4xx_hal_i2c.o
 .text.I2C_DMAAbort
                0x08004754      0x150 ./Drivers/STM32F4xx_HAL_Driver/Src/stm32f4xx_hal_i2c.o
 .text.I2C_WaitOnFlagUntilTimeout
                0x080048a4       0xf4 ./Drivers/STM32F4xx_HAL_Driver/Src/stm32f4xx_hal_i2c.o
 .text.I2C_WaitOnMasterAddressFlagUntilTimeout
                0x08004998      0x140 ./Drivers/STM32F4xx_HAL_Driver/Src/stm32f4xx_hal_i2c.o
 .text.I2C_WaitOnTXEFlagUntilTimeout
                0x08004ad8       0x90 ./Drivers/STM32F4xx_HAL_Driver/Src/stm32f4xx_hal_i2c.o
 .text.I2C_WaitOnSTOPRequestThroughIT
                0x08004b68       0x64 ./Drivers/STM32F4xx_HAL_Driver/Src/stm32f4xx_hal_i2c.o
 .text.I2C_IsAcknowledgeFailed
                0x08004bcc       0x5e ./Drivers/STM32F4xx_HAL_Driver/Src/stm32f4xx_hal_i2c.o
 .text.I2C_ConvertOtherXferOptions
                0x08004c2a       0x36 ./Drivers/STM32F4xx_HAL_Driver/Src/stm32f4xx_hal_i2c.o
 .text.HAL_RCC_ClockConfig
                0x08004c60      0x1cc ./Drivers/STM32F4xx_HAL_Driver/Src/stm32f4xx_hal_rcc.o
                0x08004c60                HAL_RCC_ClockConfig
 .text.HAL_RCC_GetHCLKFreq
                0x08004e2c       0x18 ./Drivers/STM32F4xx_HAL_Driver/Src/stm32f4xx_hal_rcc.o
                0x08004e2c                HAL_RCC_GetHCLKFreq
 .text.HAL_RCC_GetPCLK1Freq
                0x08004e44       0x28 ./Drivers/STM32F4xx_HAL_Driver/Src/stm32f4xx_hal_rcc.o
                0x08004e44                HAL_RCC_GetPCLK1Freq
 .text.HAL_RCC_GetPCLK2Freq
                0x08004e6c       0x28 ./Drivers/STM32F4xx_HAL_Driver/Src/stm32f4xx_hal_rcc.o
                0x08004e6c                HAL_RCC_GetPCLK2Freq
 .text.HAL_RCC_GetSysClockFreq
                0x08004e94      0x460 ./Drivers/STM32F4xx_HAL_Driver/Src/stm32f4xx_hal_rcc_ex.o
                0x08004e94                HAL_RCC_GetSysClockFreq
 .text.HAL_RCC_OscConfig
                0x080052f4      0x53c ./Drivers/STM32F4xx_HAL_Driver/Src/stm32f4xx_hal_rcc_ex.o
                0x080052f4                HAL_RCC_OscConfig
 .text.HAL_UART_Init
                0x08005830       0xa0 ./Drivers/STM32F4xx_HAL_Driver/Src/stm32f4xx_hal_uart.o
                0x08005830                HAL_UART_Init
 .text.HAL_UART_Transmit
                0x080058d0      0x116 ./Drivers/STM32F4xx_HAL_Driver/Src/stm32f4xx_hal_uart.o
                0x080058d0                HAL_UART_Transmit
 .text.HAL_UART_Receive_IT
                0x080059e6       0x4a ./Drivers/STM32F4xx_HAL_Driver/Src/stm32f4xx_hal_uart.o
                0x080059e6                HAL_UART_Receive_IT
 .text.HAL_UART_IRQHandler
                0x08005a30      0x554 ./Drivers/STM32F4xx_HAL_Driver/Src/stm32f4xx_hal_uart.o
                0x08005a30                HAL_UART_IRQHandler
 .text.HAL_UART_TxCpltCallback
                0x08005f84       0x14 ./Drivers/STM32F4xx_HAL_Driver/Src/stm32f4xx_hal_uart.o
                0x08005f84                HAL_UART_TxCpltCallback
 .text.HAL_UART_ErrorCallback
                0x08005f98       0x14 ./Drivers/STM32F4xx_HAL_Driver/Src/stm32f4xx_hal_uart.o
                0x08005f98                HAL_UART_ErrorCallback
 .text.HAL_UARTEx_RxEventCallback
                0x08005fac       0x18 ./Drivers/STM32F4xx_HAL_Driver/Src/stm32f4xx_hal_uart.o
                0x08005fac                HAL_UARTEx_RxEventCallback
 .text.UART_WaitOnFlagUntilTimeout
                0x08005fc4       0xb2 ./Drivers/STM32F4xx_HAL_Driver/Src/stm32f4xx_hal_uart.o
 .text.UART_Start_Receive_IT
                0x08006076       0x74 ./Drivers/STM32F4xx_HAL_Driver/Src/stm32f4xx_hal_uart.o
                0x08006076                UART_Start_Receive_IT
 .text.UART_EndRxTransfer
                0x080060ea       0xc6 ./Drivers/STM32F4xx_HAL_Driver/Src/stm32f4xx_hal_uart.o
 .text.UART_DMAAbortOnError
                0x080061b0       0x22 ./Drivers/STM32F4xx_HAL_Driver/Src/stm32f4xx_hal_uart.o
 .text.UART_Transmit_IT
                0x080061d2       0xa0 ./Drivers/STM32F4xx_HAL_Driver/Src/stm32f4xx_hal_uart.o
 .text.UART_EndTransmit_IT
                0x08006272       0x30 ./Drivers/STM32F4xx_HAL_Driver/Src/stm32f4xx_hal_uart.o
 .text.UART_Receive_IT
                0x080062a2      0x17c ./Drivers/STM32F4xx_HAL_Driver/Src/stm32f4xx_hal_uart.o
 *fill*         0x0800641e        0x2 
 .text.UART_SetConfig
                0x08006420      0x4e8 ./Drivers/STM32F4xx_HAL_Driver/Src/stm32f4xx_hal_uart.o
 .text.memset   0x08006908       0x10 C:/Users/HAHHAHAHAHAHAH/Documents/STM32CubeIDE_1.19.0/STM32CubeIDE/plugins/com.st.stm32cube.ide.mcu.externaltools.gnu-tools-for-stm32.13.3.rel1.win32_1.0.0.202411081344/tools/bin/../lib/gcc/arm-none-eabi/13.3.1/../../../../arm-none-eabi/lib/thumb/v7e-m+fp/hard\libc_nano.a(libc_a-memset.o)
                0x08006908                memset
 .text.__libc_init_array
                0x08006918       0x48 C:/Users/HAHHAHAHAHAHAH/Documents/STM32CubeIDE_1.19.0/STM32CubeIDE/plugins/com.st.stm32cube.ide.mcu.externaltools.gnu-tools-for-stm32.13.3.rel1.win32_1.0.0.202411081344/tools/bin/../lib/gcc/arm-none-eabi/13.3.1/../../../../arm-none-eabi/lib/thumb/v7e-m+fp/hard\libc_nano.a(libc_a-init.o)
                0x08006918                __libc_init_array
 .text.memcpy   0x08006960       0x1c C:/Users/HAHHAHAHAHAHAH/Documents/STM32CubeIDE_1.19.0/STM32CubeIDE/plugins/com.st.stm32cube.ide.mcu.externaltools.gnu-tools-for-stm32.13.3.rel1.win32_1.0.0.202411081344/tools/bin/../lib/gcc/arm-none-eabi/13.3.1/../../../../arm-none-eabi/lib/thumb/v7e-m+fp/hard\libc_nano.a(libc_a-memcpy-stub.o)
                0x08006960                memcpy
 *(.glue_7)
 .glue_7        0x0800697c        0x0 linker stubs
 *(.glue_7t)
 .glue_7t       0x0800697c        0x0 linker stubs
 *(.eh_frame)
 .eh_frame      0x0800697c        0x0 C:/Users/HAHHAHAHAHAHAH/Documents/STM32CubeIDE_1.19.0/STM32CubeIDE/plugins/com.st.stm32cube.ide.mcu.externaltools.gnu-tools-for-stm32.13.3.rel1.win32_1.0.0.202411081344/tools/bin/../lib/gcc/arm-none-eabi/13.3.1/thumb/v7e-m+fp/hard/crtbegin.o
 *(.init)
 .init          0x0800697c        0x4 C:/Users/HAHHAHAHAHAHAH/Documents/STM32CubeIDE_1.19.0/STM32CubeIDE/plugins/com.st.stm32cube.ide.mcu.externaltools.gnu-tools-for-stm32.13.3.rel1.win32_1.0.0.202411081344/tools/bin/../lib/gcc/arm-none-eabi/13.3.1/thumb/v7e-m+fp/hard/crti.o
                0x0800697c                _init
 .init          0x08006980        0x8 C:/Users/HAHHAHAHAHAHAH/Documents/STM32CubeIDE_1.19.0/STM32CubeIDE/plugins/com.st.stm32cube.ide.mcu.externaltools.gnu-tools-for-stm32.13.3.rel1.win32_1.0.0.202411081344/tools/bin/../lib/gcc/arm-none-eabi/13.3.1/thumb/v7e-m+fp/hard/crtn.o
 *(.fini)
 .fini          0x08006988        0x4 C:/Users/HAHHAHAHAHAHAH/Documents/STM32CubeIDE_1.19.0/STM32CubeIDE/plugins/com.st.stm32cube.ide.mcu.externaltools.gnu-tools-for-stm32.13.3.rel1.win32_1.0.0.202411081344/tools/bin/../lib/gcc/arm-none-eabi/13.3.1/thumb/v7e-m+fp/hard/crti.o
                0x08006988                _fini
 .fini          0x0800698c        0x8 C:/Users/HAHHAHAHAHAHAH/Documents/STM32CubeIDE_1.19.0/STM32CubeIDE/plugins/com.st.stm32cube.ide.mcu.externaltools.gnu-tools-for-stm32.13.3.rel1.win32_1.0.0.202411081344/tools/bin/../lib/gcc/arm-none-eabi/13.3.1/thumb/v7e-m+fp/hard/crtn.o
                0x08006994                        . = ALIGN (0x4)
                0x08006994                        _etext = .

.vfp11_veneer   0x08006994        0x0
 .vfp11_veneer  0x08006994        0x0 linker stubs

.v4_bx          0x08006994        0x0
 .v4_bx         0x08006994        0x0 linker stubs

.iplt           0x08006994        0x0
 .iplt          0x08006994        0x0 C:/Users/HAHHAHAHAHAHAH/Documents/STM32CubeIDE_1.19.0/STM32CubeIDE/plugins/com.st.stm32cube.ide.mcu.externaltools.gnu-tools-for-stm32.13.3.rel1.win32_1.0.0.202411081344/tools/bin/../lib/gcc/arm-none-eabi/13.3.1/thumb/v7e-m+fp/hard/crtbegin.o

.rodata         0x08006994       0x20
                0x08006994                        . = ALIGN (0x4)
 *(.rodata)
 *(.rodata*)
 .rodata.AHBPrescTable
                0x08006994       0x10 ./Core/Src/system_stm32f4xx.o
                0x08006994                AHBPrescTable
 .rodata.APBPrescTable
                0x080069a4        0x8 ./Core/Src/system_stm32f4xx.o
                0x080069a4                APBPrescTable
 .rodata.flagBitshiftOffset.0
                0x080069ac        0x8 ./Drivers/STM32F4xx_HAL_Driver/Src/stm32f4xx_hal_dma.o
                0x080069b4                        . = ALIGN (0x4)

.ARM.extab      0x080069b4        0x0
                0x080069b4                        . = ALIGN (0x4)
 *(.ARM.extab* .gnu.linkonce.armextab.*)
                0x080069b4                        . = ALIGN (0x4)

.ARM            0x080069b4        0x8
                0x080069b4                        . = ALIGN (0x4)
                0x080069b4                        __exidx_start = .
 *(.ARM.exidx*)
 .ARM.exidx     0x080069b4        0x8 C:/Users/HAHHAHAHAHAHAH/Documents/STM32CubeIDE_1.19.0/STM32CubeIDE/plugins/com.st.stm32cube.ide.mcu.externaltools.gnu-tools-for-stm32.13.3.rel1.win32_1.0.0.202411081344/tools/bin/../lib/gcc/arm-none-eabi/13.3.1/thumb/v7e-m+fp/hard\libgcc.a(_udivmoddi4.o)
                0x080069bc                        __exidx_end = .
                0x080069bc                        . = ALIGN (0x4)

.preinit_array  0x080069bc        0x0
                0x080069bc                        . = ALIGN (0x4)
                0x080069bc                        PROVIDE (__preinit_array_start = .)
 *(.preinit_array*)
                0x080069bc                        PROVIDE (__preinit_array_end = .)
                0x080069bc                        . = ALIGN (0x4)

.init_array     0x080069bc        0x4
                0x080069bc                        . = ALIGN (0x4)
                0x080069bc                        PROVIDE (__init_array_start = .)
 *(SORT_BY_NAME(.init_array.*))
 *(.init_array*)
 .init_array    0x080069bc        0x4 C:/Users/HAHHAHAHAHAHAH/Documents/STM32CubeIDE_1.19.0/STM32CubeIDE/plugins/com.st.stm32cube.ide.mcu.externaltools.gnu-tools-for-stm32.13.3.rel1.win32_1.0.0.202411081344/tools/bin/../lib/gcc/arm-none-eabi/13.3.1/thumb/v7e-m+fp/hard/crtbegin.o
                0x080069c0                        PROVIDE (__init_array_end = .)
                0x080069c0                        . = ALIGN (0x4)

.fini_array     0x080069c0        0x4
                0x080069c0                        . = ALIGN (0x4)
                [!provide]                        PROVIDE (__fini_array_start = .)
 *(SORT_BY_NAME(.fini_array.*))
 *(.fini_array*)
 .fini_array    0x080069c0        0x4 C:/Users/HAHHAHAHAHAHAH/Documents/STM32CubeIDE_1.19.0/STM32CubeIDE/plugins/com.st.stm32cube.ide.mcu.externaltools.gnu-tools-for-stm32.13.3.rel1.win32_1.0.0.202411081344/tools/bin/../lib/gcc/arm-none-eabi/13.3.1/thumb/v7e-m+fp/hard/crtbegin.o
                [!provide]                        PROVIDE (__fini_array_end = .)
                0x080069c4                        . = ALIGN (0x4)
                0x080069c4                        _sidata = LOADADDR (.data)

.rel.dyn        0x080069c4        0x0
 .rel.iplt      0x080069c4        0x0 C:/Users/HAHHAHAHAHAHAH/Documents/STM32CubeIDE_1.19.0/STM32CubeIDE/plugins/com.st.stm32cube.ide.mcu.externaltools.gnu-tools-for-stm32.13.3.rel1.win32_1.0.0.202411081344/tools/bin/../lib/gcc/arm-none-eabi/13.3.1/thumb/v7e-m+fp/hard/crtbegin.o

.data           0x20000000       0x14 load address 0x080069c4
                0x20000000                        . = ALIGN (0x4)
                0x20000000                        _sdata = .
 *(.data)
 *(.data*)
 .data.period_ms
                0x20000000        0x4 ./Core/Src/main.o
 .data.log_mode
                0x20000004        0x1 ./Core/Src/main.o
 *fill*         0x20000005        0x3 
 .data.SystemCoreClock
                0x20000008        0x4 ./Core/Src/system_stm32f4xx.o
                0x20000008                SystemCoreClock
 .data.uwTickPrio
                0x2000000c        0x4 ./Drivers/STM32F4xx_HAL_Driver/Src/stm32f4xx_hal.o
                0x2000000c                uwTickPrio
 .data.uwTickFreq
                0x20000010        0x1 ./Drivers/STM32F4xx_HAL_Driver/Src/stm32f4xx_hal.o
                0x20000010                uwTickFreq
 *(.RamFunc)
 *(.RamFunc*)
                0x20000014                        . = ALIGN (0x4)
 *fill*         0x20000011        0x3 
                0x20000014                        _edata = .

.igot.plt       0x20000014        0x0 load address 0x080069d8
 .igot.plt      0x20000014        0x0 C:/Users/HAHHAHAHAHAHAH/Documents/STM32CubeIDE_1.19.0/STM32CubeIDE/plugins/com.st.stm32cube.ide.mcu.externaltools.gnu-tools-for-stm32.13.3.rel1.win32_1.0.0.202411081344/tools/bin/../lib/gcc/arm-none-eabi/13.3.1/thumb/v7e-m+fp/hard/crtbegin.o
                0x20000014                        . = ALIGN (0x4)

.bss            0x20000014      0x958 load address 0x080069d8
                0x20000014                        _sbss = .
                0x20000014                        __bss_start__ = _sbss
 *(.bss)
 .bss           0x20000014       0x1c C:/Users/HAHHAHAHAHAHAH/Documents/STM32CubeIDE_1.19.0/STM32CubeIDE/plugins/com.st.stm32cube.ide.mcu.externaltools.gnu-tools-for-stm32.13.3.rel1.win32_1.0.0.202411081344/tools/bin/../lib/gcc/arm-none-eabi/13.3.1/thumb/v7e-m+fp/hard/crtbegin.o
 *(.bss*)
 .bss.hi2c1     0x20000030       0x54 ./Core/Src/i2c.o
                0x20000030                hi2c1
 .bss.hdma_i2c1_rx
                0x20000084       0x60 ./Core/Src/i2c.o
                0x20000084                hdma_i2c1_rx
 .bss.rxring    0x200000e4      0x404 ./Core/Src/main.o
 .bss.uart_rx_byte
                0x200004e8        0x1 ./Core/Src/main.o
 .bss.ps        0x200004e9        0x1 ./Core/Src/main.o
 *fill*         0x200004ea        0x2 
 .bss.frame_buf
                0x200004ec      0x105 ./Core/Src/main.o
 *fill*         0x200005f1        0x1 
 .bss.frame_len
                0x200005f2        0x2 ./Core/Src/main.o
 .bss.hist      0x200005f4      0x320 ./Core/Src/main.o
 .bss.hist_head
                0x20000914        0x2 ./Core/Src/main.o
 .bss.hist_count
                0x20000916        0x2 ./Core/Src/main.o
 .bss.last_ms   0x20000918        0x4 ./Core/Src/main.o
 .bss.bme_rx    0x2000091c        0x3 ./Core/Src/main.o
 .bss.bme_busy  0x2000091f        0x1 ./Core/Src/main.o
 .bss.huart2    0x20000920       0x48 ./Core/Src/usart.o
                0x20000920                huart2
 .bss.uwTick    0x20000968        0x4 ./Drivers/STM32F4xx_HAL_Driver/Src/stm32f4xx_hal.o
                0x20000968                uwTick
 *(COMMON)
                0x2000096c                        . = ALIGN (0x4)
                0x2000096c                        _ebss = .
                0x2000096c                        __bss_end__ = _ebss

._user_heap_stack
                0x2000096c      0x604 load address 0x080069d8
                0x20000970                        . = ALIGN (0x8)
 *fill*         0x2000096c        0x4 
                [!provide]                        PROVIDE (end = .)
                0x20000970                        PROVIDE (_end = .)
                0x20000b70                        . = (. + _Min_Heap_Size)
 *fill*         0x20000970      0x200 
                0x20000f70                        . = (. + _Min_Stack_Size)
 *fill*         0x20000b70      0x400 
                0x20000f70                        . = ALIGN (0x8)

/DISCARD/
 libc.a(*)
 libm.a(*)
 libgcc.a(*)

.ARM.attributes
                0x00000000       0x30
 *(.ARM.attributes)
 .ARM.attributes
                0x00000000       0x22 C:/Users/HAHHAHAHAHAHAH/Documents/STM32CubeIDE_1.19.0/STM32CubeIDE/plugins/com.st.stm32cube.ide.mcu.externaltools.gnu-tools-for-stm32.13.3.rel1.win32_1.0.0.202411081344/tools/bin/../lib/gcc/arm-none-eabi/13.3.1/thumb/v7e-m+fp/hard/crti.o
 .ARM.attributes
                0x00000022       0x34 C:/Users/HAHHAHAHAHAHAH/Documents/STM32CubeIDE_1.19.0/STM32CubeIDE/plugins/com.st.stm32cube.ide.mcu.externaltools.gnu-tools-for-stm32.13.3.rel1.win32_1.0.0.202411081344/tools/bin/../lib/gcc/arm-none-eabi/13.3.1/thumb/v7e-m+fp/hard/crtbegin.o
 .ARM.attributes
                0x00000056       0x34 ./Core/Src/dma.o
 .ARM.attributes
                0x0000008a       0x34 ./Core/Src/gpio.o
 .ARM.attributes
                0x000000be       0x34 ./Core/Src/i2c.o
 .ARM.attributes
                0x000000f2       0x34 ./Core/Src/main.o
 .ARM.attributes
                0x00000126       0x34 ./Core/Src/stm32f4xx_hal_msp.o
 .ARM.attributes
                0x0000015a       0x34 ./Core/Src/stm32f4xx_it.o
 .ARM.attributes
                0x0000018e       0x34 ./Core/Src/system_stm32f4xx.o
 .ARM.attributes
                0x000001c2       0x34 ./Core/Src/usart.o
 .ARM.attributes
                0x000001f6       0x21 ./Core/Startup/startup_stm32f446retx.o
 .ARM.attributes
                0x00000217       0x34 ./Drivers/STM32F4xx_HAL_Driver/Src/stm32f4xx_hal.o
 .ARM.attributes
                0x0000024b       0x34 ./Drivers/STM32F4xx_HAL_Driver/Src/stm32f4xx_hal_cortex.o
 .ARM.attributes
                0x0000027f       0x34 ./Drivers/STM32F4xx_HAL_Driver/Src/stm32f4xx_hal_dma.o
 .ARM.attributes
                0x000002b3       0x34 ./Drivers/STM32F4xx_HAL_Driver/Src/stm32f4xx_hal_gpio.o
 .ARM.attributes
                0x000002e7       0x34 ./Drivers/STM32F4xx_HAL_Driver/Src/stm32f4xx_hal_i2c.o
 .ARM.attributes
                0x0000031b       0x34 ./Drivers/STM32F4xx_HAL_Driver/Src/stm32f4xx_hal_rcc.o
 .ARM.attributes
                0x0000034f       0x34 ./Drivers/STM32F4xx_HAL_Driver/Src/stm32f4xx_hal_rcc_ex.o
 .ARM.attributes
                0x00000383       0x34 ./Drivers/STM32F4xx_HAL_Driver/Src/stm32f4xx_hal_uart.o
 .ARM.attributes
                0x000003b7       0x34 C:/Users/HAHHAHAHAHAHAH/Documents/STM32CubeIDE_1.19.0/STM32CubeIDE/plugins/com.st.stm32cube.ide.mcu.externaltools.gnu-tools-for-stm32.13.3.rel1.win32_1.0.0.202411081344/tools/bin/../lib/gcc/arm-none-eabi/13.3.1/../../../../arm-none-eabi/lib/thumb/v7e-m+fp/hard\libc_nano.a(libc_a-memset.o)
 .ARM.attributes
                0x000003eb       0x34 C:/Users/HAHHAHAHAHAHAH/Documents/STM32CubeIDE_1.19.0/STM32CubeIDE/plugins/com.st.stm32cube.ide.mcu.externaltools.gnu-tools-for-stm32.13.3.rel1.win32_1.0.0.202411081344/tools/bin/../lib/gcc/arm-none-eabi/13.3.1/../../../../arm-none-eabi/lib/thumb/v7e-m+fp/hard\libc_nano.a(libc_a-init.o)
 .ARM.attributes
                0x0000041f       0x34 C:/Users/HAHHAHAHAHAHAH/Documents/STM32CubeIDE_1.19.0/STM32CubeIDE/plugins/com.st.stm32cube.ide.mcu.externaltools.gnu-tools-for-stm32.13.3.rel1.win32_1.0.0.202411081344/tools/bin/../lib/gcc/arm-none-eabi/13.3.1/../../../../arm-none-eabi/lib/thumb/v7e-m+fp/hard\libc_nano.a(libc_a-memcpy-stub.o)
 .ARM.attributes
                0x00000453       0x22 C:/Users/HAHHAHAHAHAHAH/Documents/STM32CubeIDE_1.19.0/STM32CubeIDE/plugins/com.st.stm32cube.ide.mcu.externaltools.gnu-tools-for-stm32.13.3.rel1.win32_1.0.0.202411081344/tools/bin/../lib/gcc/arm-none-eabi/13.3.1/thumb/v7e-m+fp/hard\libgcc.a(_aeabi_uldivmod.o)
 .ARM.attributes
                0x00000475       0x34 C:/Users/HAHHAHAHAHAHAH/Documents/STM32CubeIDE_1.19.0/STM32CubeIDE/plugins/com.st.stm32cube.ide.mcu.externaltools.gnu-tools-for-stm32.13.3.rel1.win32_1.0.0.202411081344/tools/bin/../lib/gcc/arm-none-eabi/13.3.1/thumb/v7e-m+fp/hard\libgcc.a(_udivmoddi4.o)
 .ARM.attributes
                0x000004a9       0x22 C:/Users/HAHHAHAHAHAHAH/Documents/STM32CubeIDE_1.19.0/STM32CubeIDE/plugins/com.st.stm32cube.ide.mcu.externaltools.gnu-tools-for-stm32.13.3.rel1.win32_1.0.0.202411081344/tools/bin/../lib/gcc/arm-none-eabi/13.3.1/thumb/v7e-m+fp/hard\libgcc.a(_dvmd_tls.o)
 .ARM.attributes
                0x000004cb       0x22 C:/Users/HAHHAHAHAHAHAH/Documents/STM32CubeIDE_1.19.0/STM32CubeIDE/plugins/com.st.stm32cube.ide.mcu.externaltools.gnu-tools-for-stm32.13.3.rel1.win32_1.0.0.202411081344/tools/bin/../lib/gcc/arm-none-eabi/13.3.1/thumb/v7e-m+fp/hard/crtn.o
OUTPUT(hgfhfghf.elf elf32-littlearm)
LOAD linker stubs
LOAD C:/Users/HAHHAHAHAHAHAH/Documents/STM32CubeIDE_1.19.0/STM32CubeIDE/plugins/com.st.stm32cube.ide.mcu.externaltools.gnu-tools-for-stm32.13.3.rel1.win32_1.0.0.202411081344/tools/bin/../lib/gcc/arm-none-eabi/13.3.1/../../../../arm-none-eabi/lib/thumb/v7e-m+fp/hard\libc.a
LOAD C:/Users/HAHHAHAHAHAHAH/Documents/STM32CubeIDE_1.19.0/STM32CubeIDE/plugins/com.st.stm32cube.ide.mcu.externaltools.gnu-tools-for-stm32.13.3.rel1.win32_1.0.0.202411081344/tools/bin/../lib/gcc/arm-none-eabi/13.3.1/../../../../arm-none-eabi/lib/thumb/v7e-m+fp/hard\libm.a
LOAD C:/Users/HAHHAHAHAHAHAH/Documents/STM32CubeIDE_1.19.0/STM32CubeIDE/plugins/com.st.stm32cube.ide.mcu.externaltools.gnu-tools-for-stm32.13.3.rel1.win32_1.0.0.202411081344/tools/bin/../lib/gcc/arm-none-eabi/13.3.1/thumb/v7e-m+fp/hard\libgcc.a

.debug_info     0x00000000     0xd812
 .debug_info    0x00000000      0x4fb ./Core/Src/dma.o
 .debug_info    0x000004fb      0x6b0 ./Core/Src/gpio.o
 .debug_info    0x00000bab      0xc70 ./Core/Src/i2c.o
 .debug_info    0x0000181b     0x157d ./Core/Src/main.o
 .debug_info    0x00002d98      0x2ac ./Core/Src/stm32f4xx_hal_msp.o
 .debug_info    0x00003044      0x974 ./Core/Src/stm32f4xx_it.o
 .debug_info    0x000039b8      0x54a ./Core/Src/system_stm32f4xx.o
 .debug_info    0x00003f02      0xbdb ./Core/Src/usart.o
 .debug_info    0x00004add       0x30 ./Core/Startup/startup_stm32f446retx.o
 .debug_info    0x00004b0d      0x99a ./Drivers/STM32F4xx_HAL_Driver/Src/stm32f4xx_hal.o
 .debug_info    0x000054a7      0xdaa ./Drivers/STM32F4xx_HAL_Driver/Src/stm32f4xx_hal_cortex.o
 .debug_info    0x00006251      0x8e7 ./Drivers/STM32F4xx_HAL_Driver/Src/stm32f4xx_hal_dma.o
 .debug_info    0x00006b38      0x70b ./Drivers/STM32F4xx_HAL_Driver/Src/stm32f4xx_hal_gpio.o
 .debug_info    0x00007243     0x2421 ./Drivers/STM32F4xx_HAL_Driver/Src/stm32f4xx_hal_i2c.o
 .debug_info    0x00009664      0x8ff ./Drivers/STM32F4xx_HAL_Driver/Src/stm32f4xx_hal_rcc.o
 .debug_info    0x00009f63      0x960 ./Drivers/STM32F4xx_HAL_Driver/Src/stm32f4xx_hal_rcc_ex.o
 .debug_info    0x0000a8c3     0x2f4f ./Drivers/STM32F4xx_HAL_Driver/Src/stm32f4xx_hal_uart.o

.debug_abbrev   0x00000000     0x21e1
 .debug_abbrev  0x00000000      0x10e ./Core/Src/dma.o
 .debug_abbrev  0x0000010e      0x174 ./Core/Src/gpio.o
 .debug_abbrev  0x00000282      0x224 ./Core/Src/i2c.o
 .debug_abbrev  0x000004a6      0x361 ./Core/Src/main.o
 .debug_abbrev  0x00000807       0xf4 ./Core/Src/stm32f4xx_hal_msp.o
 .debug_abbrev  0x000008fb      0x1a4 ./Core/Src/stm32f4xx_it.o
 .debug_abbrev  0x00000a9f      0x11a ./Core/Src/system_stm32f4xx.o
 .debug_abbrev  0x00000bb9      0x218 ./Core/Src/usart.o
 .debug_abbrev  0x00000dd1       0x24 ./Core/Startup/startup_stm32f446retx.o
 .debug_abbrev  0x00000df5      0x214 ./Drivers/STM32F4xx_HAL_Driver/Src/stm32f4xx_hal.o
 .debug_abbrev  0x00001009      0x31d ./Drivers/STM32F4xx_HAL_Driver/Src/stm32f4xx_hal_cortex.o
 .debug_abbrev  0x00001326      0x264 ./Drivers/STM32F4xx_HAL_Driver/Src/stm32f4xx_hal_dma.o
 .debug_abbrev  0x0000158a      0x1d4 ./Drivers/STM32F4xx_HAL_Driver/Src/stm32f4xx_hal_gpio.o
 .debug_abbrev  0x0000175e      0x2ad ./Drivers/STM32F4xx_HAL_Driver/Src/stm32f4xx_hal_i2c.o
 .debug_abbrev  0x00001a0b      0x2b7 ./Drivers/STM32F4xx_HAL_Driver/Src/stm32f4xx_hal_rcc.o
 .debug_abbrev  0x00001cc2      0x211 ./Drivers/STM32F4xx_HAL_Driver/Src/stm32f4xx_hal_rcc_ex.o
 .debug_abbrev  0x00001ed3      0x30e ./Drivers/STM32F4xx_HAL_Driver/Src/stm32f4xx_hal_uart.o

.debug_aranges  0x00000000      0xb10
 .debug_aranges
                0x00000000       0x20 ./Core/Src/dma.o
 .debug_aranges
                0x00000020       0x20 ./Core/Src/gpio.o
 .debug_aranges
                0x00000040       0x30 ./Core/Src/i2c.o
 .debug_aranges
                0x00000070       0xc0 ./Core/Src/main.o
 .debug_aranges
                0x00000130       0x20 ./Core/Src/stm32f4xx_hal_msp.o
 .debug_aranges
                0x00000150       0x88 ./Core/Src/stm32f4xx_it.o
 .debug_aranges
                0x000001d8       0x28 ./Core/Src/system_stm32f4xx.o
 .debug_aranges
                0x00000200       0x30 ./Core/Src/usart.o
 .debug_aranges
                0x00000230       0x28 ./Core/Startup/startup_stm32f446retx.o
 .debug_aranges
                0x00000258       0xf0 ./Drivers/STM32F4xx_HAL_Driver/Src/stm32f4xx_hal.o
 .debug_aranges
                0x00000348      0x130 ./Drivers/STM32F4xx_HAL_Driver/Src/stm32f4xx_hal_cortex.o
 .debug_aranges
                0x00000478       0x90 ./Drivers/STM32F4xx_HAL_Driver/Src/stm32f4xx_hal_dma.o
 .debug_aranges
                0x00000508       0x58 ./Drivers/STM32F4xx_HAL_Driver/Src/stm32f4xx_hal_gpio.o
 .debug_aranges
                0x00000560      0x2a8 ./Drivers/STM32F4xx_HAL_Driver/Src/stm32f4xx_hal_i2c.o
 .debug_aranges
                0x00000808       0x88 ./Drivers/STM32F4xx_HAL_Driver/Src/stm32f4xx_hal_rcc.o
 .debug_aranges
                0x00000890       0x78 ./Drivers/STM32F4xx_HAL_Driver/Src/stm32f4xx_hal_rcc_ex.o
 .debug_aranges
                0x00000908      0x208 ./Drivers/STM32F4xx_HAL_Driver/Src/stm32f4xx_hal_uart.o

.debug_rnglists
                0x00000000      0x89c
 .debug_rnglists
                0x00000000       0x13 ./Core/Src/dma.o
 .debug_rnglists
                0x00000013       0x14 ./Core/Src/gpio.o
 .debug_rnglists
                0x00000027       0x20 ./Core/Src/i2c.o
 .debug_rnglists
                0x00000047       0x94 ./Core/Src/main.o
 .debug_rnglists
                0x000000db       0x13 ./Core/Src/stm32f4xx_hal_msp.o
 .debug_rnglists
                0x000000ee       0x61 ./Core/Src/stm32f4xx_it.o
 .debug_rnglists
                0x0000014f       0x1a ./Core/Src/system_stm32f4xx.o
 .debug_rnglists
                0x00000169       0x20 ./Core/Src/usart.o
 .debug_rnglists
                0x00000189       0x19 ./Core/Startup/startup_stm32f446retx.o
 .debug_rnglists
                0x000001a2       0xaf ./Drivers/STM32F4xx_HAL_Driver/Src/stm32f4xx_hal.o
 .debug_rnglists
                0x00000251       0xe0 ./Drivers/STM32F4xx_HAL_Driver/Src/stm32f4xx_hal_cortex.o
 .debug_rnglists
                0x00000331       0x70 ./Drivers/STM32F4xx_HAL_Driver/Src/stm32f4xx_hal_dma.o
 .debug_rnglists
                0x000003a1       0x3f ./Drivers/STM32F4xx_HAL_Driver/Src/stm32f4xx_hal_gpio.o
 .debug_rnglists
                0x000003e0      0x23c ./Drivers/STM32F4xx_HAL_Driver/Src/stm32f4xx_hal_i2c.o
 .debug_rnglists
                0x0000061c       0x66 ./Drivers/STM32F4xx_HAL_Driver/Src/stm32f4xx_hal_rcc.o
 .debug_rnglists
                0x00000682       0x5e ./Drivers/STM32F4xx_HAL_Driver/Src/stm32f4xx_hal_rcc_ex.o
 .debug_rnglists
                0x000006e0      0x1bc ./Drivers/STM32F4xx_HAL_Driver/Src/stm32f4xx_hal_uart.o

.debug_macro    0x00000000    0x21c77
 .debug_macro   0x00000000      0x1ec ./Core/Src/dma.o
 .debug_macro   0x000001ec      0xad8 ./Core/Src/dma.o
 .debug_macro   0x00000cc4      0x29b ./Core/Src/dma.o
 .debug_macro   0x00000f5f       0x2e ./Core/Src/dma.o
 .debug_macro   0x00000f8d       0x28 ./Core/Src/dma.o
 .debug_macro   0x00000fb5       0x22 ./Core/Src/dma.o
 .debug_macro   0x00000fd7       0x8e ./Core/Src/dma.o
 .debug_macro   0x00001065       0x51 ./Core/Src/dma.o
 .debug_macro   0x000010b6      0x103 ./Core/Src/dma.o
 .debug_macro   0x000011b9       0x6a ./Core/Src/dma.o
 .debug_macro   0x00001223      0x1df ./Core/Src/dma.o
 .debug_macro   0x00001402       0x1c ./Core/Src/dma.o
 .debug_macro   0x0000141e       0x22 ./Core/Src/dma.o
 .debug_macro   0x00001440       0xfb ./Core/Src/dma.o
 .debug_macro   0x0000153b     0x1011 ./Core/Src/dma.o
 .debug_macro   0x0000254c      0x11f ./Core/Src/dma.o
 .debug_macro   0x0000266b    0x1675e ./Core/Src/dma.o
 .debug_macro   0x00018dc9       0x6d ./Core/Src/dma.o
 .debug_macro   0x00018e36     0x3693 ./Core/Src/dma.o
 .debug_macro   0x0001c4c9      0x190 ./Core/Src/dma.o
 .debug_macro   0x0001c659       0x5c ./Core/Src/dma.o
 .debug_macro   0x0001c6b5      0xca5 ./Core/Src/dma.o
 .debug_macro   0x0001d35a      0x9e9 ./Core/Src/dma.o
 .debug_macro   0x0001dd43      0x115 ./Core/Src/dma.o
 .debug_macro   0x0001de58      0x1a0 ./Core/Src/dma.o
 .debug_macro   0x0001dff8       0xa5 ./Core/Src/dma.o
 .debug_macro   0x0001e09d      0x16d ./Core/Src/dma.o
 .debug_macro   0x0001e20a      0x287 ./Core/Src/dma.o
 .debug_macro   0x0001e491       0x5f ./Core/Src/dma.o
 .debug_macro   0x0001e4f0      0x236 ./Core/Src/dma.o
 .debug_macro   0x0001e726      0x132 ./Core/Src/dma.o
 .debug_macro   0x0001e858      0x29c ./Core/Src/dma.o
 .debug_macro   0x0001eaf4       0x2e ./Core/Src/dma.o
 .debug_macro   0x0001eb22      0x1b5 ./Core/Src/dma.o
 .debug_macro   0x0001ecd7       0x22 ./Core/Src/dma.o
 .debug_macro   0x0001ecf9       0xd6 ./Core/Src/dma.o
 .debug_macro   0x0001edcf      0x127 ./Core/Src/dma.o
 .debug_macro   0x0001eef6       0xe8 ./Core/Src/dma.o
 .debug_macro   0x0001efde       0x89 ./Core/Src/dma.o
 .debug_macro   0x0001f067      0x2aa ./Core/Src/dma.o
 .debug_macro   0x0001f311      0x126 ./Core/Src/dma.o
 .debug_macro   0x0001f437       0x5e ./Core/Src/dma.o
 .debug_macro   0x0001f495      0x1ec ./Core/Src/gpio.o
 .debug_macro   0x0001f681      0x1ec ./Core/Src/i2c.o
 .debug_macro   0x0001f86d      0x35f ./Core/Src/main.o
 .debug_macro   0x0001fbcc       0x61 ./Core/Src/main.o
 .debug_macro   0x0001fc2d       0x2a ./Core/Src/main.o
 .debug_macro   0x0001fc57       0x43 ./Core/Src/main.o
 .debug_macro   0x0001fc9a       0x34 ./Core/Src/main.o
 .debug_macro   0x0001fcce       0x16 ./Core/Src/main.o
 .debug_macro   0x0001fce4       0x3c ./Core/Src/main.o
 .debug_macro   0x0001fd20      0x370 ./Core/Src/main.o
 .debug_macro   0x00020090       0x10 ./Core/Src/main.o
 .debug_macro   0x000200a0       0x16 ./Core/Src/main.o
 .debug_macro   0x000200b6       0x4a ./Core/Src/main.o
 .debug_macro   0x00020100       0x34 ./Core/Src/main.o
 .debug_macro   0x00020134       0x10 ./Core/Src/main.o
 .debug_macro   0x00020144       0x58 ./Core/Src/main.o
 .debug_macro   0x0002019c       0x8e ./Core/Src/main.o
 .debug_macro   0x0002022a       0x1c ./Core/Src/main.o
 .debug_macro   0x00020246      0x185 ./Core/Src/main.o
 .debug_macro   0x000203cb       0x16 ./Core/Src/main.o
 .debug_macro   0x000203e1       0x16 ./Core/Src/main.o
 .debug_macro   0x000203f7      0x146 ./Core/Src/main.o
 .debug_macro   0x0002053d       0x16 ./Core/Src/main.o
 .debug_macro   0x00020553       0x20 ./Core/Src/main.o
 .debug_macro   0x00020573      0x1e2 ./Core/Src/stm32f4xx_hal_msp.o
 .debug_macro   0x00020755      0x1ec ./Core/Src/stm32f4xx_it.o
 .debug_macro   0x00020941      0x1d3 ./Core/Src/system_stm32f4xx.o
 .debug_macro   0x00020b14      0x1ec ./Core/Src/usart.o
 .debug_macro   0x00020d00      0x233 ./Drivers/STM32F4xx_HAL_Driver/Src/stm32f4xx_hal.o
 .debug_macro   0x00020f33      0x1d3 ./Drivers/STM32F4xx_HAL_Driver/Src/stm32f4xx_hal_cortex.o
 .debug_macro   0x00021106      0x1d9 ./Drivers/STM32F4xx_HAL_Driver/Src/stm32f4xx_hal_dma.o
 .debug_macro   0x000212df      0x1d9 ./Drivers/STM32F4xx_HAL_Driver/Src/stm32f4xx_hal_gpio.o
 .debug_macro   0x000214b8      0x221 ./Drivers/STM32F4xx_HAL_Driver/Src/stm32f4xx_hal_i2c.o
 .debug_macro   0x000216d9      0x1f7 ./Drivers/STM32F4xx_HAL_Driver/Src/stm32f4xx_hal_rcc.o
 .debug_macro   0x000218d0      0x1d3 ./Drivers/STM32F4xx_HAL_Driver/Src/stm32f4xx_hal_rcc_ex.o
 .debug_macro   0x00021aa3      0x1d4 ./Drivers/STM32F4xx_HAL_Driver/Src/stm32f4xx_hal_uart.o

.debug_line     0x00000000     0xf9b9
 .debug_line    0x00000000      0x722 ./Core/Src/dma.o
 .debug_line    0x00000722      0x742 ./Core/Src/gpio.o
 .debug_line    0x00000e64      0x7c5 ./Core/Src/i2c.o
 .debug_line    0x00001629      0xf53 ./Core/Src/main.o
 .debug_line    0x0000257c      0x727 ./Core/Src/stm32f4xx_hal_msp.o
 .debug_line    0x00002ca3      0x84d ./Core/Src/stm32f4xx_it.o
 .debug_line    0x000034f0      0x79c ./Core/Src/system_stm32f4xx.o
 .debug_line    0x00003c8c      0x797 ./Core/Src/usart.o
 .debug_line    0x00004423       0x7a ./Core/Startup/startup_stm32f446retx.o
 .debug_line    0x0000449d      0xa18 ./Drivers/STM32F4xx_HAL_Driver/Src/stm32f4xx_hal.o
 .debug_line    0x00004eb5      0xce8 ./Drivers/STM32F4xx_HAL_Driver/Src/stm32f4xx_hal_cortex.o
 .debug_line    0x00005b9d      0xf84 ./Drivers/STM32F4xx_HAL_Driver/Src/stm32f4xx_hal_dma.o
 .debug_line    0x00006b21      0xb5c ./Drivers/STM32F4xx_HAL_Driver/Src/stm32f4xx_hal_gpio.o
 .debug_line    0x0000767d     0x3ac5 ./Drivers/STM32F4xx_HAL_Driver/Src/stm32f4xx_hal_i2c.o
 .debug_line    0x0000b142      0xe33 ./Drivers/STM32F4xx_HAL_Driver/Src/stm32f4xx_hal_rcc.o
 .debug_line    0x0000bf75     0x14e4 ./Drivers/STM32F4xx_HAL_Driver/Src/stm32f4xx_hal_rcc_ex.o
 .debug_line    0x0000d459     0x2560 ./Drivers/STM32F4xx_HAL_Driver/Src/stm32f4xx_hal_uart.o

.debug_str      0x00000000    0xcb03f
 .debug_str     0x00000000    0xcb03f ./Core/Src/dma.o
                              0xc474b (size before relaxing)
 .debug_str     0x000cb03f    0xc4819 ./Core/Src/gpio.o
 .debug_str     0x000cb03f    0xc4d8a ./Core/Src/i2c.o
 .debug_str     0x000cb03f    0xc86a3 ./Core/Src/main.o
 .debug_str     0x000cb03f    0xc420a ./Core/Src/stm32f4xx_hal_msp.o
 .debug_str     0x000cb03f    0xc4932 ./Core/Src/stm32f4xx_it.o
 .debug_str     0x000cb03f    0xc415b ./Core/Src/system_stm32f4xx.o
 .debug_str     0x000cb03f    0xc4cea ./Core/Src/usart.o
 .debug_str     0x000cb03f       0x77 ./Core/Startup/startup_stm32f446retx.o
 .debug_str     0x000cb03f    0xc4d20 ./Drivers/STM32F4xx_HAL_Driver/Src/stm32f4xx_hal.o
 .debug_str     0x000cb03f    0xc4a77 ./Drivers/STM32F4xx_HAL_Driver/Src/stm32f4xx_hal_cortex.o
 .debug_str     0x000cb03f    0xc4550 ./Drivers/STM32F4xx_HAL_Driver/Src/stm32f4xx_hal_dma.o
 .debug_str     0x000cb03f    0xc42d6 ./Drivers/STM32F4xx_HAL_Driver/Src/stm32f4xx_hal_gpio.o
 .debug_str     0x000cb03f    0xc5159 ./Drivers/STM32F4xx_HAL_Driver/Src/stm32f4xx_hal_i2c.o
 .debug_str     0x000cb03f    0xc4594 ./Drivers/STM32F4xx_HAL_Driver/Src/stm32f4xx_hal_rcc.o
 .debug_str     0x000cb03f    0xc45c7 ./Drivers/STM32F4xx_HAL_Driver/Src/stm32f4xx_hal_rcc_ex.o
 .debug_str     0x000cb03f    0xc4b4b ./Drivers/STM32F4xx_HAL_Driver/Src/stm32f4xx_hal_uart.o

.comment        0x00000000       0x43
 .comment       0x00000000       0x43 ./Core/Src/dma.o
                                 0x44 (size before relaxing)
 .comment       0x00000043       0x44 ./Core/Src/gpio.o
 .comment       0x00000043       0x44 ./Core/Src/i2c.o
 .comment       0x00000043       0x44 ./Core/Src/main.o
 .comment       0x00000043       0x44 ./Core/Src/stm32f4xx_hal_msp.o
 .comment       0x00000043       0x44 ./Core/Src/stm32f4xx_it.o
 .comment       0x00000043       0x44 ./Core/Src/system_stm32f4xx.o
 .comment       0x00000043       0x44 ./Core/Src/usart.o
 .comment       0x00000043       0x44 ./Drivers/STM32F4xx_HAL_Driver/Src/stm32f4xx_hal.o
 .comment       0x00000043       0x44 ./Drivers/STM32F4xx_HAL_Driver/Src/stm32f4xx_hal_cortex.o
 .comment       0x00000043       0x44 ./Drivers/STM32F4xx_HAL_Driver/Src/stm32f4xx_hal_dma.o
 .comment       0x00000043       0x44 ./Drivers/STM32F4xx_HAL_Driver/Src/stm32f4xx_hal_gpio.o
 .comment       0x00000043       0x44 ./Drivers/STM32F4xx_HAL_Driver/Src/stm32f4xx_hal_i2c.o
 .comment       0x00000043       0x44 ./Drivers/STM32F4xx_HAL_Driver/Src/stm32f4xx_hal_rcc.o
 .comment       0x00000043       0x44 ./Drivers/STM32F4xx_HAL_Driver/Src/stm32f4xx_hal_rcc_ex.o
 .comment       0x00000043       0x44 ./Drivers/STM32F4xx_HAL_Driver/Src/stm32f4xx_hal_uart.o

.debug_frame    0x00000000     0x2d24
 .debug_frame   0x00000000       0x34 ./Core/Src/dma.o
 .debug_frame   0x00000034       0x34 ./Core/Src/gpio.o
 .debug_frame   0x00000068       0x74 ./Core/Src/i2c.o
 .debug_frame   0x000000dc      0x318 ./Core/Src/main.o
 .debug_frame   0x000003f4       0x34 ./Core/Src/stm32f4xx_hal_msp.o
 .debug_frame   0x00000428      0x190 ./Core/Src/stm32f4xx_it.o
 .debug_frame   0x000005b8       0x58 ./Core/Src/system_stm32f4xx.o
 .debug_frame   0x00000610       0x74 ./Core/Src/usart.o
 .debug_frame   0x00000684      0x374 ./Drivers/STM32F4xx_HAL_Driver/Src/stm32f4xx_hal.o
 .debug_frame   0x000009f8      0x508 ./Drivers/STM32F4xx_HAL_Driver/Src/stm32f4xx_hal_cortex.o
 .debug_frame   0x00000f00      0x250 ./Drivers/STM32F4xx_HAL_Driver/Src/stm32f4xx_hal_dma.o
 .debug_frame   0x00001150      0x14c ./Drivers/STM32F4xx_HAL_Driver/Src/stm32f4xx_hal_gpio.o
 .debug_frame   0x0000129c      0xc84 ./Drivers/STM32F4xx_HAL_Driver/Src/stm32f4xx_hal_i2c.o
 .debug_frame   0x00001f20      0x1f4 ./Drivers/STM32F4xx_HAL_Driver/Src/stm32f4xx_hal_rcc.o
 .debug_frame   0x00002114      0x1e8 ./Drivers/STM32F4xx_HAL_Driver/Src/stm32f4xx_hal_rcc_ex.o
 .debug_frame   0x000022fc      0x954 ./Drivers/STM32F4xx_HAL_Driver/Src/stm32f4xx_hal_uart.o
 .debug_frame   0x00002c50       0x20 C:/Users/HAHHAHAHAHAHAH/Documents/STM32CubeIDE_1.19.0/STM32CubeIDE/plugins/com.st.stm32cube.ide.mcu.externaltools.gnu-tools-for-stm32.13.3.rel1.win32_1.0.0.202411081344/tools/bin/../lib/gcc/arm-none-eabi/13.3.1/../../../../arm-none-eabi/lib/thumb/v7e-m+fp/hard\libc_nano.a(libc_a-memset.o)
 .debug_frame   0x00002c70       0x2c C:/Users/HAHHAHAHAHAHAH/Documents/STM32CubeIDE_1.19.0/STM32CubeIDE/plugins/com.st.stm32cube.ide.mcu.externaltools.gnu-tools-for-stm32.13.3.rel1.win32_1.0.0.202411081344/tools/bin/../lib/gcc/arm-none-eabi/13.3.1/../../../../arm-none-eabi/lib/thumb/v7e-m+fp/hard\libc_nano.a(libc_a-init.o)
 .debug_frame   0x00002c9c       0x28 C:/Users/HAHHAHAHAHAHAH/Documents/STM32CubeIDE_1.19.0/STM32CubeIDE/plugins/com.st.stm32cube.ide.mcu.externaltools.gnu-tools-for-stm32.13.3.rel1.win32_1.0.0.202411081344/tools/bin/../lib/gcc/arm-none-eabi/13.3.1/../../../../arm-none-eabi/lib/thumb/v7e-m+fp/hard\libc_nano.a(libc_a-memcpy-stub.o)
 .debug_frame   0x00002cc4       0x2c C:/Users/HAHHAHAHAHAHAH/Documents/STM32CubeIDE_1.19.0/STM32CubeIDE/plugins/com.st.stm32cube.ide.mcu.externaltools.gnu-tools-for-stm32.13.3.rel1.win32_1.0.0.202411081344/tools/bin/../lib/gcc/arm-none-eabi/13.3.1/thumb/v7e-m+fp/hard\libgcc.a(_aeabi_uldivmod.o)
 .debug_frame   0x00002cf0       0x34 C:/Users/HAHHAHAHAHAHAH/Documents/STM32CubeIDE_1.19.0/STM32CubeIDE/plugins/com.st.stm32cube.ide.mcu.externaltools.gnu-tools-for-stm32.13.3.rel1.win32_1.0.0.202411081344/tools/bin/../lib/gcc/arm-none-eabi/13.3.1/thumb/v7e-m+fp/hard\libgcc.a(_udivmoddi4.o)

.debug_line_str
                0x00000000       0x5b
 .debug_line_str
                0x00000000       0x5b ./Core/Startup/startup_stm32f446retx.o
