Archive member included to satisfy reference by file (symbol)

C:/Users/HAHHAHAHAHAHAH/Documents/STM32CubeIDE_1.19.0/STM32CubeIDE/plugins/com.st.stm32cube.ide.mcu.externaltools.gnu-tools-for-stm32.13.3.rel1.win32_1.0.0.202411081344/tools/bin/../lib/gcc/arm-none-eabi/13.3.1/../../../../arm-none-eabi/lib/thumb/v7e-m+fp/hard\libc_nano.a(libc_a-exit.o)
                              C:/Users/HAHHAHAHAHAHAH/Documents/STM32CubeIDE_1.19.0/STM32CubeIDE/plugins/com.st.stm32cube.ide.mcu.externaltools.gnu-tools-for-stm32.13.3.rel1.win32_1.0.0.202411081344/tools/bin/../lib/gcc/arm-none-eabi/13.3.1/../../../../arm-none-eabi/lib/thumb/v7e-m+fp/hard/crt0.o (exit)
C:/Users/HAHHAHAHAHAHAH/Documents/STM32CubeIDE_1.19.0/STM32CubeIDE/plugins/com.st.stm32cube.ide.mcu.externaltools.gnu-tools-for-stm32.13.3.rel1.win32_1.0.0.202411081344/tools/bin/../lib/gcc/arm-none-eabi/13.3.1/../../../../arm-none-eabi/lib/thumb/v7e-m+fp/hard\libc_nano.a(libc_a-findfp.o)
                              C:/Users/HAHHAHAHAHAHAH/Documents/STM32CubeIDE_1.19.0/STM32CubeIDE/plugins/com.st.stm32cube.ide.mcu.externaltools.gnu-tools-for-stm32.13.3.rel1.win32_1.0.0.202411081344/tools/bin/../lib/gcc/arm-none-eabi/13.3.1/../../../../arm-none-eabi/lib/thumb/v7e-m+fp/hard\libc_nano.a(libc_a-exit.o) (__stdio_exit_handler)
C:/Users/HAHHAHAHAHAHAH/Documents/STM32CubeIDE_1.19.0/STM32CubeIDE/plugins/com.st.stm32cube.ide.mcu.externaltools.gnu-tools-for-stm32.13.3.rel1.win32_1.0.0.202411081344/tools/bin/../lib/gcc/arm-none-eabi/13.3.1/../../../../arm-none-eabi/lib/thumb/v7e-m+fp/hard\libc_nano.a(libc_a-fwalk.o)
                              C:/Users/HAHHAHAHAHAHAH/Documents/STM32CubeIDE_1.19.0/STM32CubeIDE/plugins/com.st.stm32cube.ide.mcu.externaltools.gnu-tools-for-stm32.13.3.rel1.win32_1.0.0.202411081344/tools/bin/../lib/gcc/arm-none-eabi/13.3.1/../../../../arm-none-eabi/lib/thumb/v7e-m+fp/hard\libc_nano.a(libc_a-findfp.o) (_fwalk_sglue)
C:/Users/HAHHAHAHAHAHAH/Documents/STM32CubeIDE_1.19.0/STM32CubeIDE/plugins/com.st.stm32cube.ide.mcu.externaltools.gnu-tools-for-stm32.13.3.rel1.win32_1.0.0.202411081344/tools/bin/../lib/gcc/arm-none-eabi/13.3.1/../../../../arm-none-eabi/lib/thumb/v7e-m+fp/hard\libc_nano.a(libc_a-stdio.o)
                              C:/Users/HAHHAHAHAHAHAH/Documents/STM32CubeIDE_1.19.0/STM32CubeIDE/plugins/com.st.stm32cube.ide.mcu.externaltools.gnu-tools-for-stm32.13.3.rel1.win32_1.0.0.202411081344/tools/bin/../lib/gcc/arm-none-eabi/13.3.1/../../../../arm-none-eabi/lib/thumb/v7e-m+fp/hard\libc_nano.a(libc_a-findfp.o) (__sread)
C:/Users/HAHHAHAHAHAHAH/Documents/STM32CubeIDE_1.19.0/STM32CubeIDE/plugins/com.st.stm32cube.ide.mcu.externaltools.gnu-tools-for-stm32.13.3.rel1.win32_1.0.0.202411081344/tools/bin/../lib/gcc/arm-none-eabi/13.3.1/../../../../arm-none-eabi/lib/thumb/v7e-m+fp/hard\libc_nano.a(libc_a-memset.o)
                              C:/Users/HAHHAHAHAHAHAH/Documents/STM32CubeIDE_1.19.0/STM32CubeIDE/plugins/com.st.stm32cube.ide.mcu.externaltools.gnu-tools-for-stm32.13.3.rel1.win32_1.0.0.202411081344/tools/bin/../lib/gcc/arm-none-eabi/13.3.1/../../../../arm-none-eabi/lib/thumb/v7e-m+fp/hard/crt0.o (memset)
C:/Users/HAHHAHAHAHAHAH/Documents/STM32CubeIDE_1.19.0/STM32CubeIDE/plugins/com.st.stm32cube.ide.mcu.externaltools.gnu-tools-for-stm32.13.3.rel1.win32_1.0.0.202411081344/tools/bin/../lib/gcc/arm-none-eabi/13.3.1/../../../../arm-none-eabi/lib/thumb/v7e-m+fp/hard\libc_nano.a(libc_a-closer.o)
                              C:/Users/HAHHAHAHAHAHAH/Documents/STM32CubeIDE_1.19.0/STM32CubeIDE/plugins/com.st.stm32cube.ide.mcu.externaltools.gnu-tools-for-stm32.13.3.rel1.win32_1.0.0.202411081344/tools/bin/../lib/gcc/arm-none-eabi/13.3.1/../../../../arm-none-eabi/lib/thumb/v7e-m+fp/hard\libc_nano.a(libc_a-stdio.o) (_close_r)
C:/Users/HAHHAHAHAHAHAH/Documents/STM32CubeIDE_1.19.0/STM32CubeIDE/plugins/com.st.stm32cube.ide.mcu.externaltools.gnu-tools-for-stm32.13.3.rel1.win32_1.0.0.202411081344/tools/bin/../lib/gcc/arm-none-eabi/13.3.1/../../../../arm-none-eabi/lib/thumb/v7e-m+fp/hard\libc_nano.a(libc_a-reent.o)
                              C:/Users/HAHHAHAHAHAHAH/Documents/STM32CubeIDE_1.19.0/STM32CubeIDE/plugins/com.st.stm32cube.ide.mcu.externaltools.gnu-tools-for-stm32.13.3.rel1.win32_1.0.0.202411081344/tools/bin/../lib/gcc/arm-none-eabi/13.3.1/../../../../arm-none-eabi/lib/thumb/v7e-m+fp/hard\libc_nano.a(libc_a-closer.o) (errno)
C:/Users/HAHHAHAHAHAHAH/Documents/STM32CubeIDE_1.19.0/STM32CubeIDE/plugins/com.st.stm32cube.ide.mcu.externaltools.gnu-tools-for-stm32.13.3.rel1.win32_1.0.0.202411081344/tools/bin/../lib/gcc/arm-none-eabi/13.3.1/../../../../arm-none-eabi/lib/thumb/v7e-m+fp/hard\libc_nano.a(libc_a-impure.o)
                              C:/Users/HAHHAHAHAHAHAH/Documents/STM32CubeIDE_1.19.0/STM32CubeIDE/plugins/com.st.stm32cube.ide.mcu.externaltools.gnu-tools-for-stm32.13.3.rel1.win32_1.0.0.202411081344/tools/bin/../lib/gcc/arm-none-eabi/13.3.1/../../../../arm-none-eabi/lib/thumb/v7e-m+fp/hard\libc_nano.a(libc_a-reent.o) (_impure_ptr)
[...]
Memory Configuration

Name             Origin             Length             Attributes
RAM              0x20000000         0x00020000         xrw
FLASH            0x08000000         0x00080000         xr
*default*        0x00000000         0xffffffff

Linker script and memory map

LOAD C:/Users/HAHHAHAHAHAHAH/Documents/STM32CubeIDE_1.19.0/STM32CubeIDE/plugins/com.st.stm32cube.ide.mcu.externaltools.gnu-tools-for-stm32.13.3.rel1.win32_1.0.0.202411081344/tools/bin/../lib/gcc/arm-none-eabi/13.3.1/thumb/v7e-m+fp/hard/crti.o
LOAD C:/Users/HAHHAHAHAHAHAH/Documents/STM32CubeIDE_1.19.0/STM32CubeIDE/plugins/com.st.stm32cube.ide.mcu.externaltools.gnu-tools-for-stm32.13.3.rel1.win32_1.0.0.202411081344/tools/bin/../lib/gcc/arm-none-eabi/13.3.1/thumb/v7e-m+fp/hard/crtbegin.o
LOAD C:/Users/HAHHAHAHAHAHAH/Documents/STM32CubeIDE_1.19.0/STM32CubeIDE/plugins/com.st.stm32cube.ide.mcu.externaltools.gnu-tools-for-stm32.13.3.rel1.win32_1.0.0.202411081344/tools/bin/../lib/gcc/arm-none-eabi/13.3.1/../../../../arm-none-eabi/lib/thumb/v7e-m+fp/hard/crt0.o
LOAD ./Core/Src/dma.o
LOAD ./Core/Src/gpio.o
LOAD ./Core/Src/i2c.o
LOAD ./Core/Src/main.o
LOAD ./Core/Src/stm32f4xx_hal_msp.o
LOAD ./Core/Src/stm32f4xx_it.o
LOAD ./Core/Src/syscalls.o
LOAD ./Core/Src/sysmem.o
LOAD ./Core/Src/system_stm32f4xx.o
LOAD ./Core/Src/usart.o
LOAD ./Core/Startup/startup_stm32f446retx.o
LOAD ./Drivers/STM32F4xx_HAL_Driver/Src/stm32f4xx_hal.o
LOAD ./Drivers/STM32F4xx_HAL_Driver/Src/stm32f4xx_hal_cortex.o
LOAD ./Drivers/STM32F4xx_HAL_Driver/Src/stm32f4xx_hal_dma.o
LOAD ./Drivers/STM32F4xx_HAL_Driver/Src/stm32f4xx_hal_dma_ex.o
LOAD ./Drivers/STM32F4xx_HAL_Driver/Src/stm32f4xx_hal_exti.o
LOAD ./Drivers/STM32F4xx_HAL_Driver/Src/stm32f4xx_hal_flash.o
LOAD ./Drivers/STM32F4xx_HAL_Driver/Src/stm32f4xx_hal_flash_ex.o
LOAD ./Drivers/STM32F4xx_HAL_Driver/Src/stm32f4xx_hal_flash_ramfunc.o
LOAD ./Drivers/STM32F4xx_HAL_Driver/Src/stm32f4xx_hal_gpio.o
LOAD ./Drivers/STM32F4xx_HAL_Driver/Src/stm32f4xx_hal_i2c.o
LOAD ./Drivers/STM32F4xx_HAL_Driver/Src/stm32f4xx_hal_i2c_ex.o
LOAD ./Drivers/STM32F4xx_HAL_Driver/Src/stm32f4xx_hal_pwr.o
LOAD ./Drivers/STM32F4xx_HAL_Driver/Src/stm32f4xx_hal_pwr_ex.o
LOAD ./Drivers/STM32F4xx_HAL_Driver/Src/stm32f4xx_hal_rcc.o
LOAD ./Drivers/STM32F4xx_HAL_Driver/Src/stm32f4xx_hal_rcc_ex.o
LOAD ./Drivers/STM32F4xx_HAL_Driver/Src/stm32f4xx_hal_uart.o
START GROUP
LOAD C:/Users/HAHHAHAHAHAHAH/Documents/STM32CubeIDE_1.19.0/STM32CubeIDE/plugins/com.st.stm32cube.ide.mcu.externaltools.gnu-tools-for-stm32.13.3.rel1.win32_1.0.0.202411081344/tools/bin/../lib/gcc/arm-none-eabi/13.3.1/../../../../arm-none-eabi/lib/thumb/v7e-m+fp/hard\libc_nano.a
LOAD C:/Users/HAHHAHAHAHAHAH/Documents/STM32CubeIDE_1.19.0/STM32CubeIDE/plugins/com.st.stm32cube.ide.mcu.externaltools.gnu-tools-for-stm32.13.3.rel1.win32_1.0.0.202411081344/tools/bin/../lib/gcc/arm-none-eabi/13.3.1/../../../../arm-none-eabi/lib/thumb/v7e-m+fp/hard\libm.a
END GROUP
START GROUP
LOAD C:/Users/HAHHAHAHAHAHAH/Documents/STM32CubeIDE_1.19.0/STM32CubeIDE/plugins/com.st.stm32cube.ide.mcu.externaltools.gnu-tools-for-stm32.13.3.rel1.win32_1.0.0.202411081344/tools/bin/../lib/gcc/arm-none-eabi/13.3.1/thumb/v7e-m+fp/hard\libgcc.a
LOAD C:/Users/HAHHAHAHAHAHAH/Documents/STM32CubeIDE_1.19.0/STM32CubeIDE/plugins/com.st.stm32cube.ide.mcu.externaltools.gnu-tools-for-stm32.13.3.rel1.win32_1.0.0.202411081344/tools/bin/../lib/gcc/arm-none-eabi/13.3.1/../../../../arm-none-eabi/lib/thumb/v7e-m+fp/hard\libc_nano.a
END GROUP
START GROUP
LOAD C:/Users/HAHHAHAHAHAHAH/Documents/STM32CubeIDE_1.19.0/STM32CubeIDE/plugins/com.st.stm32cube.ide.mcu.externaltools.gnu-tools-for-stm32.13.3.rel1.win32_1.0.0.202411081344/tools/bin/../lib/gcc/arm-none-eabi/13.3.1/thumb/v7e-m+fp/hard\libgcc.a
LOAD C:/Users/HAHHAHAHAHAHAH/Documents/STM32CubeIDE_1.19.0/STM32CubeIDE/plugins/com.st.stm32cube.ide.mcu.externaltools.gnu-tools-for-stm32.13.3.rel1.win32_1.0.0.202411081344/tools/bin/../lib/gcc/arm-none-eabi/13.3.1/../../../../arm-none-eabi/lib/thumb/v7e-m+fp/hard\libc_nano.a
LOAD C:/Users/HAHHAHAHAHAHAH/Documents/STM32CubeIDE_1.19.0/STM32CubeIDE/plugins/com.st.stm32cube.ide.mcu.externaltools.gnu-tools-for-stm32.13.3.rel1.win32_1.0.0.202411081344/tools/bin/../lib/gcc/arm-none-eabi/13.3.1/../../../../arm-none-eabi/lib/thumb/v7e-m+fp/hard\libnosys.a
END GROUP
START GROUP
LOAD C:/Users/HAHHAHAHAHAHAH/Documents/STM32CubeIDE_1.19.0/STM32CubeIDE/plugins/com.st.stm32cube.ide.mcu.externaltools.gnu-tools-for-stm32.13.3.rel1.win32_1.0.0.202411081344/tools/bin/../lib/gcc/arm-none-eabi/13.3.1/thumb/v7e-m+fp/hard\libgcc.a
LOAD C:/Users/HAHHAHAHAHAHAH/Documents/STM32CubeIDE_1.19.0/STM32CubeIDE/plugins/com.st.stm32cube.ide.mcu.externaltools.gnu-tools-for-stm32.13.3.rel1.win32_1.0.0.202411081344/tools/bin/../lib/gcc/arm-none-eabi/13.3.1/../../../../arm-none-eabi/lib/thumb/v7e-m+fp/hard\libc_nano.a
LOAD C:/Users/HAHHAHAHAHAHAH/Documents/STM32CubeIDE_1.19.0/STM32CubeIDE/plugins/com.st.stm32cube.ide.mcu.externaltools.gnu-tools-for-stm32.13.3.rel1.win32_1.0.0.202411081344/tools/bin/../lib/gcc/arm-none-eabi/13.3.1/../../../../arm-none-eabi/lib/thumb/v7e-m+fp/hard\libnosys.a
END GROUP
LOAD C:/Users/HAHHAHAHAHAHAH/Documents/STM32CubeIDE_1.19.0/STM32CubeIDE/plugins/com.st.stm32cube.ide.mcu.externaltools.gnu-tools-for-stm32.13.3.rel1.win32_1.0.0.202411081344/tools/bin/../lib/gcc/arm-none-eabi/13.3.1/thumb/v7e-m+fp/hard/crtend.o
LOAD C:/Users/HAHHAHAHAHAHAH/Documents/STM32CubeIDE_1.19.0/STM32CubeIDE/plugins/com.st.stm32cube.ide.mcu.externaltools.gnu-tools-for-stm32.13.3.rel1.win32_1.0.0.202411081344/tools/bin/../lib/gcc/arm-none-eabi/13.3.1/thumb/v7e-m+fp/hard/crtn.o
                0x20020000                        _estack = (ORIGIN (RAM) + LENGTH (RAM))
                0x00000200                        _Min_Heap_Size = 0x200
                0x00000400                        _Min_Stack_Size = 0x400

.isr_vector     0x08000000      0x1c4
                0x08000000                        . = ALIGN (0x4)
 *(.isr_vector)
 .isr_vector    0x08000000      0x1c4 ./Core/Startup/startup_stm32f446retx.o
                0x08000000                g_pfnVectors
                0x080001c4                        . = ALIGN (0x4)

.text           0x080001c4     0x7698
                0x080001c4                        . = ALIGN (0x4)
 *(.text)
 .text          0x080001c4       0x40 C:/Users/HAHHAHAHAHAHAH/Documents/STM32CubeIDE_1.19.0/STM32CubeIDE/plugins/com.st.stm32cube.ide.mcu.externaltools.gnu-tools-for-stm32.13.3.rel1.win32_1.0.0.202411081344/tools/bin/../lib/gcc/arm-none-eabi/13.3.1/thumb/v7e-m+fp/hard/crtbegin.o
 .text          0x08000204       0x30 C:/Users/HAHHAHAHAHAHAH/Documents/STM32CubeIDE_1.19.0/STM32CubeIDE/plugins/com.st.stm32cube.ide.mcu.externaltools.gnu-tools-for-stm32.13.3.rel1.win32_1.0.0.202411081344/tools/bin/../lib/gcc/arm-none-eabi/13.3.1/thumb/v7e-m+fp/hard\libgcc.a(_aeabi_uldivmod.o)
                0x08000204                __aeabi_uldivmod
 .text          0x08000234      0x2f8 C:/Users/HAHHAHAHAHAHAH/Documents/STM32CubeIDE_1.19.0/STM32CubeIDE/plugins/com.st.stm32cube.ide.mcu.externaltools.gnu-tools-for-stm32.13.3.rel1.win32_1.0.0.202411081344/tools/bin/../lib/gcc/arm-none-eabi/13.3.1/thumb/v7e-m+fp/hard\libgcc.a(_udivmoddi4.o)
                0x08000234                __udivmoddi4
 .text          0x0800052c        0x4 C:/Users/HAHHAHAHAHAHAH/Documents/STM32CubeIDE_1.19.0/STM32CubeIDE/plugins/com.st.stm32cube.ide.mcu.externaltools.gnu-tools-for-stm32.13.3.rel1.win32_1.0.0.202411081344/tools/bin/../lib/gcc/arm-none-eabi/13.3.1/thumb/v7e-m+fp/hard\libgcc.a(_dvmd_tls.o)
                0x0800052c                __aeabi_idiv0
                0x0800052c                __aeabi_ldiv0
 *(.text*)
 .text.MX_DMA_Init
                0x08000530       0x50 ./Core/Src/dma.o
                0x08000530                MX_DMA_Init
 .text.MX_GPIO_Init
                0x08000580       0xec ./Core/Src/gpio.o
                0x08000580                MX_GPIO_Init
 .text.MX_I2C1_Init
                0x0800066c       0x5c ./Core/Src/i2c.o
                0x0800066c                MX_I2C1_Init
 .text.HAL_I2C_MspInit
                0x080006c8      0x114 ./Core/Src/i2c.o
                0x080006c8                HAL_I2C_MspInit
 .text.rb_next  0x080007dc       0x30 ./Core/Src/main.o
 .text.rxring_put
                0x0800080c       0x54 ./Core/Src/main.o
 .text.rxring_get
                0x08000860       0x5c ./Core/Src/main.o
 .text.txring_put
                0x080008bc       0x58 ./Core/Src/main.o
 .text.txring_get
                0x08000914       0x5c ./Core/Src/main.o
 .text.uart_tx_kick
                0x08000970       0x40 ./Core/Src/main.o
 .text.crc16_ccitt_false
                0x080009b0       0x82 ./Core/Src/main.o
 .text.proto_put_escaped
                0x08000a32       0x44 ./Core/Src/main.o
 .text.send_frame
                0x08000a76      0x152 ./Core/Src/main.o
 .text.send_ack
                0x08000bc8       0x2e ./Core/Src/main.o
 .text.send_nack
                0x08000bf6       0x34 ./Core/Src/main.o
 *fill*         0x08000c2a        0x2 
 .text.hist_push
                0x08000c2c       0x74 ./Core/Src/main.o
 .text.hist_get_offset
                0x08000ca0       0x98 ./Core/Src/main.o
 .text.bme_comp_temp_x100
                0x08000d38       0xa0 ./Core/Src/main.o
 .text.bme_init_temp_only
                0x08000dd8       0xfc ./Core/Src/main.o
 .text.bme280_start_read_dma
                0x08000ed4       0x5c ./Core/Src/main.o
 .text.send_history
                0x08000f30      0x240 ./Core/Src/main.o
 .text.protocol_handle_cmd
                0x08001170      0x1cc ./Core/Src/main.o
 .text.protocol_on_frame
                0x0800133c       0xd0 ./Core/Src/main.o
 .text.protocol_parse_byte
                0x0800140c       0xc0 ./Core/Src/main.o
 .text.protocol_poll
                0x080014cc       0x28 ./Core/Src/main.o
 .text.uart_rx_dma_poll_to_ring
                0x080014f4       0xa8 ./Core/Src/main.o
 .text.main     0x0800159c       0x7c ./Core/Src/main.o
                0x0800159c                main
 .text.SystemClock_Config
                0x08001618       0xdc ./Core/Src/main.o
                0x08001618                SystemClock_Config
 .text.HAL_UART_TxCpltCallback
                0x080016f4       0x4c ./Core/Src/main.o
                0x080016f4                HAL_UART_TxCpltCallback
 .text.HAL_I2C_MemRxCpltCallback
                0x08001740       0x68 ./Core/Src/main.o
                0x08001740                HAL_I2C_MemRxCpltCallback
 .text.HAL_I2C_ErrorCallback
                0x080017a8       0x2c ./Core/Src/main.o
                0x080017a8                HAL_I2C_ErrorCallback
 .text.Error_Handler
                0x080017d4        0xc ./Core/Src/main.o
                0x080017d4                Error_Handler
 .text.HAL_MspInit
                0x080017e0       0x50 ./Core/Src/stm32f4xx_hal_msp.o
                0x080017e0                HAL_MspInit
 .text.NMI_Handler
                0x08001830        0x8 ./Core/Src/stm32f4xx_it.o
                0x08001830                NMI_Handler
 .text.HardFault_Handler
                0x08001838        0x8 ./Core/Src/stm32f4xx_it.o
                0x08001838                HardFault_Handler
 .text.MemManage_Handler
                0x08001840        0x8 ./Core/Src/stm32f4xx_it.o
                0x08001840                MemManage_Handler
 .text.BusFault_Handler
                0x08001848        0x8 ./Core/Src/stm32f4xx_it.o
                0x08001848                BusFault_Handler
 .text.UsageFault_Handler
                0x08001850        0x8 ./Core/Src/stm32f4xx_it.o
                0x08001850                UsageFault_Handler
 .text.SVC_Handler
                0x08001858        0xe ./Core/Src/stm32f4xx_it.o
                0x08001858                SVC_Handler
 .text.DebugMon_Handler
                0x08001866        0xe ./Core/Src/stm32f4xx_it.o
                0x08001866                DebugMon_Handler
 .text.PendSV_Handler
                0x08001874        0xe ./Core/Src/stm32f4xx_it.o
                0x08001874                PendSV_Handler
 .text.SysTick_Handler
                0x08001882        0xc ./Core/Src/stm32f4xx_it.o
                0x08001882                SysTick_Handler
 *fill*         0x0800188e        0x2 
 .text.DMA1_Stream0_IRQHandler
                0x08001890       0x14 ./Core/Src/stm32f4xx_it.o
                0x08001890                DMA1_Stream0_IRQHandler
 .text.DMA1_Stream5_IRQHandler
                0x080018a4       0x14 ./Core/Src/stm32f4xx_it.o
                0x080018a4                DMA1_Stream5_IRQHandler
 .text.I2C1_EV_IRQHandler
                0x080018b8       0x14 ./Core/Src/stm32f4xx_it.o
                0x080018b8                I2C1_EV_IRQHandler
 .text.I2C1_ER_IRQHandler
                0x080018cc       0x14 ./Core/Src/stm32f4xx_it.o
                0x080018cc                I2C1_ER_IRQHandler
 .text.USART2_IRQHandler
                0x080018e0       0x14 ./Core/Src/stm32f4xx_it.o
                0x080018e0                USART2_IRQHandler
 .text.EXTI15_10_IRQHandler
                0x080018f4       0x10 ./Core/Src/stm32f4xx_it.o
                0x080018f4                EXTI15_10_IRQHandler
 .text.SystemInit
                0x08001904       0x24 ./Core/Src/system_stm32f4xx.o
                0x08001904                SystemInit
 .text.MX_USART2_UART_Init
                0x08001928       0x54 ./Core/Src/usart.o
                0x08001928                MX_USART2_UART_Init
 .text.HAL_UART_MspInit
                0x0800197c      0x104 ./Core/Src/usart.o
                0x0800197c                HAL_UART_MspInit
 .text.Reset_Handler
                0x08001a80       0x50 ./Core/Startup/startup_stm32f446retx.o
                0x08001a80                Reset_Handler
 .text.Default_Handler
                0x08001ad0        0x2 ./Core/Startup/startup_stm32f446retx.o
                0x08001ad0                RTC_Alarm_IRQHandler
                0x08001ad0                EXTI2_IRQHandler
                0x08001ad0                TIM8_CC_IRQHandler
                0x08001ad0                FMPI2C1_EV_IRQHandler
                0x08001ad0                SPI4_IRQHandler
                0x08001ad0                TIM1_CC_IRQHandler
                0x08001ad0                DMA2_Stream5_IRQHandler
                0x08001ad0                PVD_IRQHandler
                0x08001ad0                SDIO_IRQHandler
                0x08001ad0                TAMP_STAMP_IRQHandler
                0x08001ad0                CAN2_RX1_IRQHandler
                0x08001ad0                EXTI3_IRQHandler
                0x08001ad0                TIM8_TRG_COM_TIM14_IRQHandler
                0x08001ad0                TIM1_UP_TIM10_IRQHandler
                0x08001ad0                TIM8_UP_TIM13_IRQHandler
                0x08001ad0                I2C3_ER_IRQHandler
                0x08001ad0                EXTI0_IRQHandler
                0x08001ad0                I2C2_EV_IRQHandler
                0x08001ad0                DMA1_Stream2_IRQHandler
                0x08001ad0                CAN1_RX0_IRQHandler
                0x08001ad0                FPU_IRQHandler
                0x08001ad0                OTG_HS_WKUP_IRQHandler
                0x08001ad0                CAN2_SCE_IRQHandler
                0x08001ad0                DMA2_Stream2_IRQHandler
                0x08001ad0                SPI1_IRQHandler
                0x08001ad0                TIM6_DAC_IRQHandler
                0x08001ad0                TIM1_BRK_TIM9_IRQHandler
                0x08001ad0                DCMI_IRQHandler
                0x08001ad0                CAN2_RX0_IRQHandler
                0x08001ad0                DMA2_Stream3_IRQHandler
                0x08001ad0                SAI2_IRQHandler
                0x08001ad0                USART6_IRQHandler
                0x08001ad0                USART3_IRQHandler
                0x08001ad0                CAN1_RX1_IRQHandler
                0x08001ad0                UART5_IRQHandler
                0x08001ad0                DMA2_Stream0_IRQHandler
                0x08001ad0                TIM4_IRQHandler
                0x08001ad0                QUADSPI_IRQHandler
                0x08001ad0                DMA1_Stream6_IRQHandler
                0x08001ad0                DMA1_Stream1_IRQHandler
                0x08001ad0                UART4_IRQHandler
                0x08001ad0                TIM3_IRQHandler
                0x08001ad0                RCC_IRQHandler
                0x08001ad0                TIM8_BRK_TIM12_IRQHandler
                0x08001ad0                Default_Handler
                0x08001ad0                CEC_IRQHandler
                0x08001ad0                ADC_IRQHandler
                0x08001ad0                DMA1_Stream7_IRQHandler
                0x08001ad0                TIM7_IRQHandler
                0x08001ad0                CAN2_TX_IRQHandler
                0x08001ad0                TIM5_IRQHandler
                0x08001ad0                DMA2_Stream7_IRQHandler
                0x08001ad0                I2C3_EV_IRQHandler
                0x08001ad0                EXTI9_5_IRQHandler
                0x08001ad0                RTC_WKUP_IRQHandler
                0x08001ad0                SPDIF_RX_IRQHandler
                0x08001ad0                SPI2_IRQHandler
                0x08001ad0                OTG_HS_EP1_IN_IRQHandler
                0x08001ad0                CAN1_TX_IRQHandler
                0x08001ad0                FMPI2C1_ER_IRQHandler
                0x08001ad0                EXTI4_IRQHandler
                0x08001ad0                OTG_HS_EP1_OUT_IRQHandler
                0x08001ad0                WWDG_IRQHandler
                0x08001ad0                TIM2_IRQHandler
                0x08001ad0                OTG_FS_WKUP_IRQHandler
                0x08001ad0                TIM1_TRG_COM_TIM11_IRQHandler
                0x08001ad0                OTG_HS_IRQHandler
                0x08001ad0                EXTI1_IRQHandler
                0x08001ad0                I2C2_ER_IRQHandler
                0x08001ad0                DMA2_Stream1_IRQHandler
                0x08001ad0                CAN1_SCE_IRQHandler
                0x08001ad0                FLASH_IRQHandler
                0x08001ad0                DMA2_Stream4_IRQHandler
                0x08001ad0                USART1_IRQHandler
                0x08001ad0                OTG_FS_IRQHandler
                0x08001ad0                SPI3_IRQHandler
                0x08001ad0                DMA1_Stream4_IRQHandler
                0x08001ad0                FMC_IRQHandler
                0x08001ad0                DMA2_Stream6_IRQHandler
                0x08001ad0                SAI1_IRQHandler
                0x08001ad0                DMA1_Stream3_IRQHandler
 *fill*         0x08001ad2        0x2 
 .text.HAL_Init
                0x08001ad4       0x44 ./Drivers/STM32F4xx_HAL_Driver/Src/stm32f4xx_hal.o
                0x08001ad4                HAL_Init
 .text.HAL_InitTick
                0x08001b18       0x60 ./Drivers/STM32F4xx_HAL_Driver/Src/stm32f4xx_hal.o
                0x08001b18                HAL_InitTick
 .text.HAL_IncTick
                0x08001b78       0x28 ./Drivers/STM32F4xx_HAL_Driver/Src/stm32f4xx_hal.o
                0x08001b78                HAL_IncTick
 .text.HAL_GetTick
                0x08001ba0       0x18 ./Drivers/STM32F4xx_HAL_Driver/Src/stm32f4xx_hal.o
                0x08001ba0                HAL_GetTick
 .text.__NVIC_SetPriorityGrouping
                0x08001bb8       0x48 ./Drivers/STM32F4xx_HAL_Driver/Src/stm32f4xx_hal_cortex.o
 .text.__NVIC_GetPriorityGrouping
                0x08001c00       0x1c ./Drivers/STM32F4xx_HAL_Driver/Src/stm32f4xx_hal_cortex.o
 .text.__NVIC_EnableIRQ
                0x08001c1c       0x3c ./Drivers/STM32F4xx_HAL_Driver/Src/stm32f4xx_hal_cortex.o
 .text.__NVIC_SetPriority
                0x08001c58       0x54 ./Drivers/STM32F4xx_HAL_Driver/Src/stm32f4xx_hal_cortex.o
 .text.NVIC_EncodePriority
                0x08001cac       0x66 ./Drivers/STM32F4xx_HAL_Driver/Src/stm32f4xx_hal_cortex.o
 *fill*         0x08001d12        0x2 
 .text.SysTick_Config
                0x08001d14       0x44 ./Drivers/STM32F4xx_HAL_Driver/Src/stm32f4xx_hal_cortex.o
 .text.HAL_NVIC_SetPriorityGrouping
                0x08001d58       0x16 ./Drivers/STM32F4xx_HAL_Driver/Src/stm32f4xx_hal_cortex.o
                0x08001d58                HAL_NVIC_SetPriorityGrouping
 .text.HAL_NVIC_SetPriority
                0x08001d6e       0x38 ./Drivers/STM32F4xx_HAL_Driver/Src/stm32f4xx_hal_cortex.o
                0x08001d6e                HAL_NVIC_SetPriority
 .text.HAL_NVIC_EnableIRQ
                0x08001da6       0x1c ./Drivers/STM32F4xx_HAL_Driver/Src/stm32f4xx_hal_cortex.o
                0x08001da6                HAL_NVIC_EnableIRQ
 .text.HAL_SYSTICK_Config
                0x08001dc2       0x18 ./Drivers/STM32F4xx_HAL_Driver/Src/stm32f4xx_hal_cortex.o
                0x08001dc2                HAL_SYSTICK_Config
 *fill*         0x08001dda        0x2 
 .text.HAL_DMA_Init
                0x08001ddc      0x15c ./Drivers/STM32F4xx_HAL_Driver/Src/stm32f4xx_hal_dma.o
                0x08001ddc                HAL_DMA_Init
 .text.HAL_DMA_Start_IT
                0x08001f38       0xb0 ./Drivers/STM32F4xx_HAL_Driver/Src/stm32f4xx_hal_dma.o
                0x08001f38                HAL_DMA_Start_IT
 .text.HAL_DMA_Abort
                0x08001fe8       0xe0 ./Drivers/STM32F4xx_HAL_Driver/Src/stm32f4xx_hal_dma.o
                0x08001fe8                HAL_DMA_Abort
 .text.HAL_DMA_Abort_IT
                0x080020c8       0x44 ./Drivers/STM32F4xx_HAL_Driver/Src/stm32f4xx_hal_dma.o
                0x080020c8                HAL_DMA_Abort_IT
 .text.HAL_DMA_IRQHandler
                0x0800210c      0x314 ./Drivers/STM32F4xx_HAL_Driver/Src/stm32f4xx_hal_dma.o
                0x0800210c                HAL_DMA_IRQHandler
 .text.HAL_DMA_GetState
                0x08002420       0x1c ./Drivers/STM32F4xx_HAL_Driver/Src/stm32f4xx_hal_dma.o
                0x08002420                HAL_DMA_GetState
 .text.HAL_DMA_GetError
                0x0800243c       0x18 ./Drivers/STM32F4xx_HAL_Driver/Src/stm32f4xx_hal_dma.o
                0x0800243c                HAL_DMA_GetError
 .text.DMA_SetConfig
                0x08002454       0x5c ./Drivers/STM32F4xx_HAL_Driver/Src/stm32f4xx_hal_dma.o
 .text.DMA_CalcBaseAndBitshift
                0x080024b0       0x6c ./Drivers/STM32F4xx_HAL_Driver/Src/stm32f4xx_hal_dma.o
 .text.DMA_CheckFifoParam
                0x0800251c       0xf8 ./Drivers/STM32F4xx_HAL_Driver/Src/stm32f4xx_hal_dma.o
 .text.HAL_GPIO_Init
                0x08002614      0x328 ./Drivers/STM32F4xx_HAL_Driver/Src/stm32f4xx_hal_gpio.o
                0x08002614                HAL_GPIO_Init
 .text.HAL_GPIO_WritePin
                0x0800293c       0x32 ./Drivers/STM32F4xx_HAL_Driver/Src/stm32f4xx_hal_gpio.o
                0x0800293c                HAL_GPIO_WritePin
 *fill*         0x0800296e        0x2 
 .text.HAL_GPIO_EXTI_IRQHandler
                0x08002970       0x30 ./Drivers/STM32F4xx_HAL_Driver/Src/stm32f4xx_hal_gpio.o
                0x08002970                HAL_GPIO_EXTI_IRQHandler
 .text.HAL_GPIO_EXTI_Callback
                0x080029a0       0x16 ./Drivers/STM32F4xx_HAL_Driver/Src/stm32f4xx_hal_gpio.o
                0x080029a0                HAL_GPIO_EXTI_Callback
 *fill*         0x080029b6        0x2 
 .text.HAL_I2C_Init
                0x080029b8      0x288 ./Drivers/STM32F4xx_HAL_Driver/Src/stm32f4xx_hal_i2c.o
                0x080029b8                HAL_I2C_Init
 .text.I2C_Flush_DR
                0x08002c40       0x2a ./Drivers/STM32F4xx_HAL_Driver/Src/stm32f4xx_hal_i2c.o
 *fill*         0x08002c6a        0x2 
 .text.HAL_I2C_Mem_Write
                0x08002c6c      0x1f4 ./Drivers/STM32F4xx_HAL_Driver/Src/stm32f4xx_hal_i2c.o
                0x08002c6c                HAL_I2C_Mem_Write
 .text.HAL_I2C_Mem_Read
                0x08002e60      0x464 ./Drivers/STM32F4xx_HAL_Driver/Src/stm32f4xx_hal_i2c.o
                0x08002e60                HAL_I2C_Mem_Read
 .text.HAL_I2C_Mem_Read_DMA
                0x080032c4      0x320 ./Drivers/STM32F4xx_HAL_Driver/Src/stm32f4xx_hal_i2c.o
                0x080032c4                HAL_I2C_Mem_Read_DMA
 .text.HAL_I2C_EV_IRQHandler
                0x080035e4      0x2e2 ./Drivers/STM32F4xx_HAL_Driver/Src/stm32f4xx_hal_i2c.o
                0x080035e4                HAL_I2C_EV_IRQHandler
 .text.HAL_I2C_ER_IRQHandler
                0x080038c6      0x14e ./Drivers/STM32F4xx_HAL_Driver/Src/stm32f4xx_hal_i2c.o
                0x080038c6                HAL_I2C_ER_IRQHandler
 .text.HAL_I2C_MasterTxCpltCallback
                0x08003a14       0x14 ./Drivers/STM32F4xx_HAL_Driver/Src/stm32f4xx_hal_i2c.o
                0x08003a14                HAL_I2C_MasterTxCpltCallback
 .text.HAL_I2C_MasterRxCpltCallback
                0x08003a28       0x14 ./Drivers/STM32F4xx_HAL_Driver/Src/stm32f4xx_hal_i2c.o
                0x08003a28                HAL_I2C_MasterRxCpltCallback
 .text.HAL_I2C_SlaveTxCpltCallback
                0x08003a3c       0x14 ./Drivers/STM32F4xx_HAL_Driver/Src/stm32f4xx_hal_i2c.o
                0x08003a3c                HAL_I2C_SlaveTxCpltCallback
 .text.HAL_I2C_SlaveRxCpltCallback
                0x08003a50       0x14 ./Drivers/STM32F4xx_HAL_Driver/Src/stm32f4xx_hal_i2c.o
                0x08003a50                HAL_I2C_SlaveRxCpltCallback
 .text.HAL_I2C_AddrCallback
                0x08003a64       0x1c ./Drivers/STM32F4xx_HAL_Driver/Src/stm32f4xx_hal_i2c.o
                0x08003a64                HAL_I2C_AddrCallback
 .text.HAL_I2C_ListenCpltCallback
                0x08003a80       0x14 ./Drivers/STM32F4xx_HAL_Driver/Src/stm32f4xx_hal_i2c.o
                0x08003a80                HAL_I2C_ListenCpltCallback
 .text.HAL_I2C_MemTxCpltCallback
                0x08003a94       0x14 ./Drivers/STM32F4xx_HAL_Driver/Src/stm32f4xx_hal_i2c.o
                0x08003a94                HAL_I2C_MemTxCpltCallback
 .text.HAL_I2C_AbortCpltCallback
                0x08003aa8       0x14 ./Drivers/STM32F4xx_HAL_Driver/Src/stm32f4xx_hal_i2c.o
                0x08003aa8                HAL_I2C_AbortCpltCallback
 .text.I2C_MasterTransmit_TXE
                0x08003abc      0x138 ./Drivers/STM32F4xx_HAL_Driver/Src/stm32f4xx_hal_i2c.o
 .text.I2C_MasterTransmit_BTF
                0x08003bf4       0xec ./Drivers/STM32F4xx_HAL_Driver/Src/stm32f4xx_hal_i2c.o
 .text.I2C_MemoryTransmit_TXE_BTF
                0x08003ce0      0x130 ./Drivers/STM32F4xx_HAL_Driver/Src/stm32f4xx_hal_i2c.o
 .text.I2C_MasterReceive_RXNE
                0x08003e10      0x190 ./Drivers/STM32F4xx_HAL_Driver/Src/stm32f4xx_hal_i2c.o
 .text.I2C_MasterReceive_BTF
                0x08003fa0      0x1e2 ./Drivers/STM32F4xx_HAL_Driver/Src/stm32f4xx_hal_i2c.o
 .text.I2C_Master_SB
                0x08004182      0x10c ./Drivers/STM32F4xx_HAL_Driver/Src/stm32f4xx_hal_i2c.o
 .text.I2C_Master_ADD10
                0x0800428e       0x54 ./Drivers/STM32F4xx_HAL_Driver/Src/stm32f4xx_hal_i2c.o
 .text.I2C_Master_ADDR
                0x080042e2      0x322 ./Drivers/STM32F4xx_HAL_Driver/Src/stm32f4xx_hal_i2c.o
 .text.I2C_SlaveTransmit_TXE
                0x08004604       0x7a ./Drivers/STM32F4xx_HAL_Driver/Src/stm32f4xx_hal_i2c.o
 .text.I2C_SlaveTransmit_BTF
                0x0800467e       0x42 ./Drivers/STM32F4xx_HAL_Driver/Src/stm32f4xx_hal_i2c.o
 .text.I2C_SlaveReceive_RXNE
                0x080046c0       0x7c ./Drivers/STM32F4xx_HAL_Driver/Src/stm32f4xx_hal_i2c.o
 .text.I2C_SlaveReceive_BTF
                0x0800473c       0x44 ./Drivers/STM32F4xx_HAL_Driver/Src/stm32f4xx_hal_i2c.o
 .text.I2C_Slave_ADDR
                0x08004780       0x94 ./Drivers/STM32F4xx_HAL_Driver/Src/stm32f4xx_hal_i2c.o
 .text.I2C_Slave_STOPF
                0x08004814      0x260 ./Drivers/STM32F4xx_HAL_Driver/Src/stm32f4xx_hal_i2c.o
 .text.I2C_Slave_AF
                0x08004a74       0xe8 ./Drivers/STM32F4xx_HAL_Driver/Src/stm32f4xx_hal_i2c.o
 .text.I2C_ITError
                0x08004b5c      0x264 ./Drivers/STM32F4xx_HAL_Driver/Src/stm32f4xx_hal_i2c.o
 .text.I2C_RequestMemoryWrite
                0x08004dc0      0x12c ./Drivers/STM32F4xx_HAL_Driver/Src/stm32f4xx_hal_i2c.o
 .text.I2C_RequestMemoryRead
                0x08004eec      0x1d0 ./Drivers/STM32F4xx_HAL_Driver/Src/stm32f4xx_hal_i2c.o
 .text.I2C_DMAXferCplt
                0x080050bc      0x1be ./Drivers/STM32F4xx_HAL_Driver/Src/stm32f4xx_hal_i2c.o
 .text.I2C_DMAError
                0x0800527a       0x7a ./Drivers/STM32F4xx_HAL_Driver/Src/stm32f4xx_hal_i2c.o
 .text.I2C_DMAAbort
                0x080052f4      0x150 ./Drivers/STM32F4xx_HAL_Driver/Src/stm32f4xx_hal_i2c.o
 .text.I2C_WaitOnFlagUntilTimeout
                0x08005444       0xf4 ./Drivers/STM32F4xx_HAL_Driver/Src/stm32f4xx_hal_i2c.o
 .text.I2C_WaitOnMasterAddressFlagUntilTimeout
                0x08005538      0x140 ./Drivers/STM32F4xx_HAL_Driver/Src/stm32f4xx_hal_i2c.o
 .text.I2C_WaitOnTXEFlagUntilTimeout
                0x08005678       0x90 ./Drivers/STM32F4xx_HAL_Driver/Src/stm32f4xx_hal_i2c.o
 .text.I2C_WaitOnBTFFlagUntilTimeout
                0x08005708       0x90 ./Drivers/STM32F4xx_HAL_Driver/Src/stm32f4xx_hal_i2c.o
 .text.I2C_WaitOnSTOPRequestThroughIT
                0x08005798       0x64 ./Drivers/STM32F4xx_HAL_Driver/Src/stm32f4xx_hal_i2c.o
 .text.I2C_WaitOnRXNEFlagUntilTimeout
                0x080057fc       0xba ./Drivers/STM32F4xx_HAL_Driver/Src/stm32f4xx_hal_i2c.o
 .text.I2C_IsAcknowledgeFailed
                0x080058b6       0x5e ./Drivers/STM32F4xx_HAL_Driver/Src/stm32f4xx_hal_i2c.o
 .text.I2C_ConvertOtherXferOptions
                0x08005914       0x36 ./Drivers/STM32F4xx_HAL_Driver/Src/stm32f4xx_hal_i2c.o
 *fill*         0x0800594a        0x2 
 .text.HAL_RCC_ClockConfig
                0x0800594c      0x1cc ./Drivers/STM32F4xx_HAL_Driver/Src/stm32f4xx_hal_rcc.o
                0x0800594c                HAL_RCC_ClockConfig
 .text.HAL_RCC_GetHCLKFreq
                0x08005b18       0x18 ./Drivers/STM32F4xx_HAL_Driver/Src/stm32f4xx_hal_rcc.o
                0x08005b18                HAL_RCC_GetHCLKFreq
 .text.HAL_RCC_GetPCLK1Freq
                0x08005b30       0x28 ./Drivers/STM32F4xx_HAL_Driver/Src/stm32f4xx_hal_rcc.o
                0x08005b30                HAL_RCC_GetPCLK1Freq
 .text.HAL_RCC_GetPCLK2Freq
                0x08005b58       0x28 ./Drivers/STM32F4xx_HAL_Driver/Src/stm32f4xx_hal_rcc.o
                0x08005b58                HAL_RCC_GetPCLK2Freq
 .text.HAL_RCC_GetSysClockFreq
                0x08005b80      0x460 ./Drivers/STM32F4xx_HAL_Driver/Src/stm32f4xx_hal_rcc_ex.o
                0x08005b80                HAL_RCC_GetSysClockFreq
 .text.HAL_RCC_OscConfig
                0x08005fe0      0x53c ./Drivers/STM32F4xx_HAL_Driver/Src/stm32f4xx_hal_rcc_ex.o
                0x08005fe0                HAL_RCC_OscConfig
 .text.HAL_UART_Init
                0x0800651c       0xa0 ./Drivers/STM32F4xx_HAL_Driver/Src/stm32f4xx_hal_uart.o
                0x0800651c                HAL_UART_Init
 .text.HAL_UART_Transmit_IT
                0x080065bc       0x6c ./Drivers/STM32F4xx_HAL_Driver/Src/stm32f4xx_hal_uart.o
                0x080065bc                HAL_UART_Transmit_IT
 .text.HAL_UART_Receive_DMA
                0x08006628       0x4a ./Drivers/STM32F4xx_HAL_Driver/Src/stm32f4xx_hal_uart.o
                0x08006628                HAL_UART_Receive_DMA
 *fill*         0x08006672        0x2 
 .text.HAL_UART_IRQHandler
                0x08006674      0x554 ./Drivers/STM32F4xx_HAL_Driver/Src/stm32f4xx_hal_uart.o
                0x08006674                HAL_UART_IRQHandler
 .text.HAL_UART_RxCpltCallback
                0x08006bc8       0x14 ./Drivers/STM32F4xx_HAL_Driver/Src/stm32f4xx_hal_uart.o
                0x08006bc8                HAL_UART_RxCpltCallback
 .text.HAL_UART_RxHalfCpltCallback
                0x08006bdc       0x14 ./Drivers/STM32F4xx_HAL_Driver/Src/stm32f4xx_hal_uart.o
                0x08006bdc                HAL_UART_RxHalfCpltCallback
 .text.HAL_UART_ErrorCallback
                0x08006bf0       0x14 ./Drivers/STM32F4xx_HAL_Driver/Src/stm32f4xx_hal_uart.o
                0x08006bf0                HAL_UART_ErrorCallback
 .text.HAL_UARTEx_RxEventCallback
                0x08006c04       0x18 ./Drivers/STM32F4xx_HAL_Driver/Src/stm32f4xx_hal_uart.o
                0x08006c04                HAL_UARTEx_RxEventCallback
 .text.UART_DMAReceiveCplt
                0x08006c1c      0x12c ./Drivers/STM32F4xx_HAL_Driver/Src/stm32f4xx_hal_uart.o
 .text.UART_DMARxHalfCplt
                0x08006d48       0x3c ./Drivers/STM32F4xx_HAL_Driver/Src/stm32f4xx_hal_uart.o
 .text.UART_DMAError
                0x08006d84       0x94 ./Drivers/STM32F4xx_HAL_Driver/Src/stm32f4xx_hal_uart.o
 .text.UART_Start_Receive_DMA
                0x08006e18      0x14c ./Drivers/STM32F4xx_HAL_Driver/Src/stm32f4xx_hal_uart.o
                0x08006e18                UART_Start_Receive_DMA
 .text.UART_EndTxTransfer
                0x08006f64       0x50 ./Drivers/STM32F4xx_HAL_Driver/Src/stm32f4xx_hal_uart.o
 .text.UART_EndRxTransfer
                0x08006fb4       0xc6 ./Drivers/STM32F4xx_HAL_Driver/Src/stm32f4xx_hal_uart.o
 .text.UART_DMAAbortOnError
                0x0800707a       0x22 ./Drivers/STM32F4xx_HAL_Driver/Src/stm32f4xx_hal_uart.o
 .text.UART_Transmit_IT
                0x0800709c       0xa0 ./Drivers/STM32F4xx_HAL_Driver/Src/stm32f4xx_hal_uart.o
 .text.UART_EndTransmit_IT
                0x0800713c       0x30 ./Drivers/STM32F4xx_HAL_Driver/Src/stm32f4xx_hal_uart.o
 .text.UART_Receive_IT
                0x0800716c      0x17c ./Drivers/STM32F4xx_HAL_Driver/Src/stm32f4xx_hal_uart.o
 .text.UART_SetConfig
                0x080072e8      0x4e8 ./Drivers/STM32F4xx_HAL_Driver/Src/stm32f4xx_hal_uart.o
 .text.memset   0x080077d0       0x10 C:/Users/HAHHAHAHAHAHAH/Documents/STM32CubeIDE_1.19.0/STM32CubeIDE/plugins/com.st.stm32cube.ide.mcu.externaltools.gnu-tools-for-stm32.13.3.rel1.win32_1.0.0.202411081344/tools/bin/../lib/gcc/arm-none-eabi/13.3.1/../../../../arm-none-eabi/lib/thumb/v7e-m+fp/hard\libc_nano.a(libc_a-memset.o)
                0x080077d0                memset
 .text.__libc_init_array
                0x080077e0       0x48 C:/Users/HAHHAHAHAHAHAH/Documents/STM32CubeIDE_1.19.0/STM32CubeIDE/plugins/com.st.stm32cube.ide.mcu.externaltools.gnu-tools-for-stm32.13.3.rel1.win32_1.0.0.202411081344/tools/bin/../lib/gcc/arm-none-eabi/13.3.1/../../../../arm-none-eabi/lib/thumb/v7e-m+fp/hard\libc_nano.a(libc_a-init.o)
                0x080077e0                __libc_init_array
 .text.memcpy   0x08007828       0x1c C:/Users/HAHHAHAHAHAHAH/Documents/STM32CubeIDE_1.19.0/STM32CubeIDE/plugins/com.st.stm32cube.ide.mcu.externaltools.gnu-tools-for-stm32.13.3.rel1.win32_1.0.0.202411081344/tools/bin/../lib/gcc/arm-none-eabi/13.3.1/../../../../arm-none-eabi/lib/thumb/v7e-m+fp/hard\libc_nano.a(libc_a-memcpy-stub.o)
                0x08007828                memcpy
 *(.glue_7)
 .glue_7        0x08007844        0x0 linker stubs
 *(.glue_7t)
 .glue_7t       0x08007844        0x0 linker stubs
 *(.eh_frame)
 .eh_frame      0x08007844        0x0 C:/Users/HAHHAHAHAHAHAH/Documents/STM32CubeIDE_1.19.0/STM32CubeIDE/plugins/com.st.stm32cube.ide.mcu.externaltools.gnu-tools-for-stm32.13.3.rel1.win32_1.0.0.202411081344/tools/bin/../lib/gcc/arm-none-eabi/13.3.1/thumb/v7e-m+fp/hard/crtbegin.o
 *(.init)
 .init          0x08007844        0x4 C:/Users/HAHHAHAHAHAHAH/Documents/STM32CubeIDE_1.19.0/STM32CubeIDE/plugins/com.st.stm32cube.ide.mcu.externaltools.gnu-tools-for-stm32.13.3.rel1.win32_1.0.0.202411081344/tools/bin/../lib/gcc/arm-none-eabi/13.3.1/thumb/v7e-m+fp/hard/crti.o
                0x08007844                _init
 .init          0x08007848        0x8 C:/Users/HAHHAHAHAHAHAH/Documents/STM32CubeIDE_1.19.0/STM32CubeIDE/plugins/com.st.stm32cube.ide.mcu.externaltools.gnu-tools-for-stm32.13.3.rel1.win32_1.0.0.202411081344/tools/bin/../lib/gcc/arm-none-eabi/13.3.1/thumb/v7e-m+fp/hard/crtn.o
 *(.fini)
 .fini          0x08007850        0x4 C:/Users/HAHHAHAHAHAHAH/Documents/STM32CubeIDE_1.19.0/STM32CubeIDE/plugins/com.st.stm32cube.ide.mcu.externaltools.gnu-tools-for-stm32.13.3.rel1.win32_1.0.0.202411081344/tools/bin/../lib/gcc/arm-none-eabi/13.3.1/thumb/v7e-m+fp/hard/crti.o
                0x08007850                _fini
 .fini          0x08007854        0x8 C:/Users/HAHHAHAHAHAHAH/Documents/STM32CubeIDE_1.19.0/STM32CubeIDE/plugins/com.st.stm32cube.ide.mcu.externaltools.gnu-tools-for-stm32.13.3.rel1.win32_1.0.0.202411081344/tools/bin/../lib/gcc/arm-none-eabi/13.3.1/thumb/v7e-m+fp/hard/crtn.o
                0x0800785c                        . = ALIGN (0x4)
                0x0800785c                        _etext = .

.vfp11_veneer   0x0800785c        0x0
 .vfp11_veneer  0x0800785c        0x0 linker stubs

.v4_bx          0x0800785c        0x0
 .v4_bx         0x0800785c        0x0 linker stubs

.iplt           0x0800785c        0x0
 .iplt          0x0800785c        0x0 C:/Users/HAHHAHAHAHAHAH/Documents/STM32CubeIDE_1.19.0/STM32CubeIDE/plugins/com.st.stm32cube.ide.mcu.externaltools.gnu-tools-for-stm32.13.3.rel1.win32_1.0.0.202411081344/tools/bin/../lib/gcc/arm-none-eabi/13.3.1/thumb/v7e-m+fp/hard/crtbegin.o

.rodata         0x0800785c       0x20
                0x0800785c                        . = ALIGN (0x4)
 *(.rodata)
 *(.rodata*)
 .rodata.AHBPrescTable
                0x0800785c       0x10 ./Core/Src/system_stm32f4xx.o
                0x0800785c                AHBPrescTable
 .rodata.APBPrescTable
                0x0800786c        0x8 ./Core/Src/system_stm32f4xx.o
                0x0800786c                APBPrescTable
 .rodata.flagBitshiftOffset.0
                0x08007874        0x8 ./Drivers/STM32F4xx_HAL_Driver/Src/stm32f4xx_hal_dma.o
                0x0800787c                        . = ALIGN (0x4)

.ARM.extab      0x0800787c        0x0
                0x0800787c                        . = ALIGN (0x4)
 *(.ARM.extab* .gnu.linkonce.armextab.*)
                0x0800787c                        . = ALIGN (0x4)

.ARM            0x0800787c        0x8
                0x0800787c                        . = ALIGN (0x4)
                0x0800787c                        __exidx_start = .
 *(.ARM.exidx*)
 .ARM.exidx     0x0800787c        0x8 C:/Users/HAHHAHAHAHAHAH/Documents/STM32CubeIDE_1.19.0/STM32CubeIDE/plugins/com.st.stm32cube.ide.mcu.externaltools.gnu-tools-for-stm32.13.3.rel1.win32_1.0.0.202411081344/tools/bin/../lib/gcc/arm-none-eabi/13.3.1/thumb/v7e-m+fp/hard\libgcc.a(_udivmoddi4.o)
                0x08007884                        __exidx_end = .
                0x08007884                        . = ALIGN (0x4)

.preinit_array  0x08007884        0x0
                0x08007884                        . = ALIGN (0x4)
                0x08007884                        PROVIDE (__preinit_array_start = .)
 *(.preinit_array*)
                0x08007884                        PROVIDE (__preinit_array_end = .)
                0x08007884                        . = ALIGN (0x4)

.init_array     0x08007884        0x4
                0x08007884                        . = ALIGN (0x4)
                0x08007884                        PROVIDE (__init_array_start = .)
 *(SORT_BY_NAME(.init_array.*))
 *(.init_array*)
 .init_array    0x08007884        0x4 C:/Users/HAHHAHAHAHAHAH/Documents/STM32CubeIDE_1.19.0/STM32CubeIDE/plugins/com.st.stm32cube.ide.mcu.externaltools.gnu-tools-for-stm32.13.3.rel1.win32_1.0.0.202411081344/tools/bin/../lib/gcc/arm-none-eabi/13.3.1/thumb/v7e-m+fp/hard/crtbegin.o
                0x08007888                        PROVIDE (__init_array_end = .)
                0x08007888                        . = ALIGN (0x4)

.fini_array     0x08007888        0x4
                0x08007888                        . = ALIGN (0x4)
                [!provide]                        PROVIDE (__fini_array_start = .)
 *(SORT_BY_NAME(.fini_array.*))
 *(.fini_array*)
 .fini_array    0x08007888        0x4 C:/Users/HAHHAHAHAHAHAH/Documents/STM32CubeIDE_1.19.0/STM32CubeIDE/plugins/com.st.stm32cube.ide.mcu.externaltools.gnu-tools-for-stm32.13.3.rel1.win32_1.0.0.202411081344/tools/bin/../lib/gcc/arm-none-eabi/13.3.1/thumb/v7e-m+fp/hard/crtbegin.o
                [!provide]                        PROVIDE (__fini_array_end = .)
                0x0800788c                        . = ALIGN (0x4)
                0x0800788c                        _sidata = LOADADDR (.data)

.rel.dyn        0x0800788c        0x0
 .rel.iplt      0x0800788c        0x0 C:/Users/HAHHAHAHAHAHAH/Documents/STM32CubeIDE_1.19.0/STM32CubeIDE/plugins/com.st.stm32cube.ide.mcu.externaltools.gnu-tools-for-stm32.13.3.rel1.win32_1.0.0.202411081344/tools/bin/../lib/gcc/arm-none-eabi/13.3.1/thumb/v7e-m+fp/hard/crtbegin.o

.data           0x20000000       0x14 load address 0x0800788c
                0x20000000                        . = ALIGN (0x4)
                0x20000000                        _sdata = .
 *(.data)
 *(.data*)
 .data.period_ms
                0x20000000        0x4 ./Core/Src/main.o
 .data.log_mode
                0x20000004        0x1 ./Core/Src/main.o
 *fill*         0x20000005        0x3 
 .data.SystemCoreClock
                0x20000008        0x4 ./Core/Src/system_stm32f4xx.o
                0x20000008                SystemCoreClock
 .data.uwTickPrio
                0x2000000c        0x4 ./Drivers/STM32F4xx_HAL_Driver/Src/stm32f4xx_hal.o
                0x2000000c                uwTickPrio
 .data.uwTickFreq
                0x20000010        0x1 ./Drivers/STM32F4xx_HAL_Driver/Src/stm32f4xx_hal.o
                0x20000010                uwTickFreq
 *(.RamFunc)
 *(.RamFunc*)
                0x20000014                        . = ALIGN (0x4)
 *fill*         0x20000011        0x3 
                0x20000014                        _edata = .

.igot.plt       0x20000014        0x0 load address 0x080078a0
 .igot.plt      0x20000014        0x0 C:/Users/HAHHAHAHAHAHAH/Documents/STM32CubeIDE_1.19.0/STM32CubeIDE/plugins/com.st.stm32cube.ide.mcu.externaltools.gnu-tools-for-stm32.13.3.rel1.win32_1.0.0.202411081344/tools/bin/../lib/gcc/arm-none-eabi/13.3.1/thumb/v7e-m+fp/hard/crtbegin.o
                0x20000014                        . = ALIGN (0x4)

.bss            0x20000014     0x12d0 load address 0x080078a0
                0x20000014                        _sbss = .
                0x20000014                        __bss_start__ = _sbss
 *(.bss)
 .bss           0x20000014       0x1c C:/Users/HAHHAHAHAHAHAH/Documents/STM32CubeIDE_1.19.0/STM32CubeIDE/plugins/com.st.stm32cube.ide.mcu.externaltools.gnu-tools-for-stm32.13.3.rel1.win32_1.0.0.202411081344/tools/bin/../lib/gcc/arm-none-eabi/13.3.1/thumb/v7e-m+fp/hard/crtbegin.o
 *(.bss*)
 .bss.hi2c1     0x20000030       0x54 ./Core/Src/i2c.o
                0x20000030                hi2c1
 .bss.hdma_i2c1_rx
                0x20000084       0x60 ./Core/Src/i2c.o
                0x20000084                hdma_i2c1_rx
 .bss.uart_rx_dma
                0x200000e4      0x100 ./Core/Src/main.o
 .bss.uart_rx_dma_old_pos
                0x200001e4        0x2 ./Core/Src/main.o
 *fill*         0x200001e6        0x2 
 .bss.rxring    0x200001e8      0x404 ./Core/Src/main.o
 .bss.txring    0x200005ec      0x806 ./Core/Src/main.o
 .bss.uart_tx_byte
                0x20000df2        0x1 ./Core/Src/main.o
 .bss.ps        0x20000df3        0x1 ./Core/Src/main.o
 .bss.frame_buf
                0x20000df4      0x105 ./Core/Src/main.o
 *fill*         0x20000ef9        0x1 
 .bss.frame_len
                0x20000efa        0x2 ./Core/Src/main.o
 .bss.hist      0x20000efc      0x320 ./Core/Src/main.o
 .bss.hist_head
                0x2000121c        0x2 ./Core/Src/main.o
 .bss.hist_count
                0x2000121e        0x2 ./Core/Src/main.o
 .bss.last_ms   0x20001220        0x4 ./Core/Src/main.o
 .bss.bmeCal    0x20001224       0x10 ./Core/Src/main.o
 .bss.bme_rx3   0x20001234        0x3 ./Core/Src/main.o
 .bss.bme_busy  0x20001237        0x1 ./Core/Src/main.o
 .bss.huart2    0x20001238       0x48 ./Core/Src/usart.o
                0x20001238                huart2
 .bss.hdma_usart2_rx
                0x20001280       0x60 ./Core/Src/usart.o
                0x20001280                hdma_usart2_rx
 .bss.uwTick    0x200012e0        0x4 ./Drivers/STM32F4xx_HAL_Driver/Src/stm32f4xx_hal.o
                0x200012e0                uwTick
 *(COMMON)
                0x200012e4                        . = ALIGN (0x4)
                0x200012e4                        _ebss = .
                0x200012e4                        __bss_end__ = _ebss

._user_heap_stack
                0x200012e4      0x604 load address 0x080078a0
                0x200012e8                        . = ALIGN (0x8)
 *fill*         0x200012e4        0x4 
                [!provide]                        PROVIDE (end = .)
                0x200012e8                        PROVIDE (_end = .)
                0x200014e8                        . = (. + _Min_Heap_Size)
 *fill*         0x200012e8      0x200 
                0x200018e8                        . = (. + _Min_Stack_Size)
 *fill*         0x200014e8      0x400 
                0x200018e8                        . = ALIGN (0x8)

/DISCARD/
 libc.a(*)
 libm.a(*)
 libgcc.a(*)

.ARM.attributes
                0x00000000       0x30
 *(.ARM.attributes)
 .ARM.attributes
                0x00000000       0x22 C:/Users/HAHHAHAHAHAHAH/Documents/STM32CubeIDE_1.19.0/STM32CubeIDE/plugins/com.st.stm32cube.ide.mcu.externaltools.gnu-tools-for-stm32.13.3.rel1.win32_1.0.0.202411081344/tools/bin/../lib/gcc/arm-none-eabi/13.3.1/thumb/v7e-m+fp/hard/crti.o
 .ARM.attributes
                0x00000022       0x34 C:/Users/HAHHAHAHAHAHAH/Documents/STM32CubeIDE_1.19.0/STM32CubeIDE/plugins/com.st.stm32cube.ide.mcu.externaltools.gnu-tools-for-stm32.13.3.rel1.win32_1.0.0.202411081344/tools/bin/../lib/gcc/arm-none-eabi/13.3.1/thumb/v7e-m+fp/hard/crtbegin.o
 .ARM.attributes
                0x00000056       0x34 ./Core/Src/dma.o
 .ARM.attributes
                0x0000008a       0x34 ./Core/Src/gpio.o
 .ARM.attributes
                0x000000be       0x34 ./Core/Src/i2c.o
 .ARM.attributes
                0x000000f2       0x34 ./Core/Src/main.o
 .ARM.attributes
                0x00000126       0x34 ./Core/Src/stm32f4xx_hal_msp.o
 .ARM.attributes
                0x0000015a       0x34 ./Core/Src/stm32f4xx_it.o
 .ARM.attributes
                0x0000018e       0x34 ./Core/Src/system_stm32f4xx.o
 .ARM.attributes
                0x000001c2       0x34 ./Core/Src/usart.o
 .ARM.attributes
                0x000001f6       0x21 ./Core/Startup/startup_stm32f446retx.o
 .ARM.attributes
                0x00000217       0x34 ./Drivers/STM32F4xx_HAL_Driver/Src/stm32f4xx_hal.o
 .ARM.attributes
                0x0000024b       0x34 ./Drivers/STM32F4xx_HAL_Driver/Src/stm32f4xx_hal_cortex.o
 .ARM.attributes
                0x0000027f       0x34 ./Drivers/STM32F4xx_HAL_Driver/Src/stm32f4xx_hal_dma.o
 .ARM.attributes
                0x000002b3       0x34 ./Drivers/STM32F4xx_HAL_Driver/Src/stm32f4xx_hal_gpio.o
 .ARM.attributes
                0x000002e7       0x34 ./Drivers/STM32F4xx_HAL_Driver/Src/stm32f4xx_hal_i2c.o
 .ARM.attributes
                0x0000031b       0x34 ./Drivers/STM32F4xx_HAL_Driver/Src/stm32f4xx_hal_rcc.o
 .ARM.attributes
                0x0000034f       0x34 ./Drivers/STM32F4xx_HAL_Driver/Src/stm32f4xx_hal_rcc_ex.o
 .ARM.attributes
                0x00000383       0x34 ./Drivers/STM32F4xx_HAL_Driver/Src/stm32f4xx_hal_uart.o
 .ARM.attributes
                0x000003b7       0x34 C:/Users/HAHHAHAHAHAHAH/Documents/STM32CubeIDE_1.19.0/STM32CubeIDE/plugins/com.st.stm32cube.ide.mcu.externaltools.gnu-tools-for-stm32.13.3.rel1.win32_1.0.0.202411081344/tools/bin/../lib/gcc/arm-none-eabi/13.3.1/../../../../arm-none-eabi/lib/thumb/v7e-m+fp/hard\libc_nano.a(libc_a-memset.o)
 .ARM.attributes
                0x000003eb       0x34 C:/Users/HAHHAHAHAHAHAH/Documents/STM32CubeIDE_1.19.0/STM32CubeIDE/plugins/com.st.stm32cube.ide.mcu.externaltools.gnu-tools-for-stm32.13.3.rel1.win32_1.0.0.202411081344/tools/bin/../lib/gcc/arm-none-eabi/13.3.1/../../../../arm-none-eabi/lib/thumb/v7e-m+fp/hard\libc_nano.a(libc_a-init.o)
 .ARM.attributes
                0x0000041f       0x34 C:/Users/HAHHAHAHAHAHAH/Documents/STM32CubeIDE_1.19.0/STM32CubeIDE/plugins/com.st.stm32cube.ide.mcu.externaltools.gnu-tools-for-stm32.13.3.rel1.win32_1.0.0.202411081344/tools/bin/../lib/gcc/arm-none-eabi/13.3.1/../../../../arm-none-eabi/lib/thumb/v7e-m+fp/hard\libc_nano.a(libc_a-memcpy-stub.o)
 .ARM.attributes
                0x00000453       0x22 C:/Users/HAHHAHAHAHAHAH/Documents/STM32CubeIDE_1.19.0/STM32CubeIDE/plugins/com.st.stm32cube.ide.mcu.externaltools.gnu-tools-for-stm32.13.3.rel1.win32_1.0.0.202411081344/tools/bin/../lib/gcc/arm-none-eabi/13.3.1/thumb/v7e-m+fp/hard\libgcc.a(_aeabi_uldivmod.o)
 .ARM.attributes
                0x00000475       0x34 C:/Users/HAHHAHAHAHAHAH/Documents/STM32CubeIDE_1.19.0/STM32CubeIDE/plugins/com.st.stm32cube.ide.mcu.externaltools.gnu-tools-for-stm32.13.3.rel1.win32_1.0.0.202411081344/tools/bin/../lib/gcc/arm-none-eabi/13.3.1/thumb/v7e-m+fp/hard\libgcc.a(_udivmoddi4.o)
 .ARM.attributes
                0x000004a9       0x22 C:/Users/HAHHAHAHAHAHAH/Documents/STM32CubeIDE_1.19.0/STM32CubeIDE/plugins/com.st.stm32cube.ide.mcu.externaltools.gnu-tools-for-stm32.13.3.rel1.win32_1.0.0.202411081344/tools/bin/../lib/gcc/arm-none-eabi/13.3.1/thumb/v7e-m+fp/hard\libgcc.a(_dvmd_tls.o)
 .ARM.attributes
                0x000004cb       0x22 C:/Users/HAHHAHAHAHAHAH/Documents/STM32CubeIDE_1.19.0/STM32CubeIDE/plugins/com.st.stm32cube.ide.mcu.externaltools.gnu-tools-for-stm32.13.3.rel1.win32_1.0.0.202411081344/tools/bin/../lib/gcc/arm-none-eabi/13.3.1/thumb/v7e-m+fp/hard/crtn.o
OUTPUT(hgfhfghf.elf elf32-littlearm)
LOAD linker stubs
LOAD C:/Users/HAHHAHAHAHAHAH/Documents/STM32CubeIDE_1.19.0/STM32CubeIDE/plugins/com.st.stm32cube.ide.mcu.externaltools.gnu-tools-for-stm32.13.3.rel1.win32_1.0.0.202411081344/tools/bin/../lib/gcc/arm-none-eabi/13.3.1/../../../../arm-none-eabi/lib/thumb/v7e-m+fp/hard\libc.a
LOAD C:/Users/HAHHAHAHAHAHAH/Documents/STM32CubeIDE_1.19.0/STM32CubeIDE/plugins/com.st.stm32cube.ide.mcu.externaltools.gnu-tools-for-stm32.13.3.rel1.win32_1.0.0.202411081344/tools/bin/../lib/gcc/arm-none-eabi/13.3.1/../../../../arm-none-eabi/lib/thumb/v7e-m+fp/hard\libm.a
LOAD C:/Users/HAHHAHAHAHAHAH/Documents/STM32CubeIDE_1.19.0/STM32CubeIDE/plugins/com.st.stm32cube.ide.mcu.externaltools.gnu-tools-for-stm32.13.3.rel1.win32_1.0.0.202411081344/tools/bin/../lib/gcc/arm-none-eabi/13.3.1/thumb/v7e-m+fp/hard\libgcc.a

.debug_info     0x00000000     0xdbab
 .debug_info    0x00000000      0x4fb ./Core/Src/dma.o
 .debug_info    0x000004fb      0x6b0 ./Core/Src/gpio.o
 .debug_info    0x00000bab      0xc70 ./Core/Src/i2c.o
 .debug_info    0x0000181b     0x18bf ./Core/Src/main.o
 .debug_info    0x000030da      0x2ac ./Core/Src/stm32f4xx_hal_msp.o
 .debug_info    0x00003386      0x98e ./Core/Src/stm32f4xx_it.o
 .debug_info    0x00003d14      0x54a ./Core/Src/system_stm32f4xx.o
 .debug_info    0x0000425e      0xc18 ./Core/Src/usart.o
 .debug_info    0x00004e76       0x30 ./Core/Startup/startup_stm32f446retx.o
 .debug_info    0x00004ea6      0x99a ./Drivers/STM32F4xx_HAL_Driver/Src/stm32f4xx_hal.o
 .debug_info    0x00005840      0xdaa ./Drivers/STM32F4xx_HAL_Driver/Src/stm32f4xx_hal_cortex.o
 .debug_info    0x000065ea      0x8e7 ./Drivers/STM32F4xx_HAL_Driver/Src/stm32f4xx_hal_dma.o
 .debug_info    0x00006ed1      0x70b ./Drivers/STM32F4xx_HAL_Driver/Src/stm32f4xx_hal_gpio.o
 .debug_info    0x000075dc     0x2421 ./Drivers/STM32F4xx_HAL_Driver/Src/stm32f4xx_hal_i2c.o
 .debug_info    0x000099fd      0x8ff ./Drivers/STM32F4xx_HAL_Driver/Src/stm32f4xx_hal_rcc.o
 .debug_info    0x0000a2fc      0x960 ./Drivers/STM32F4xx_HAL_Driver/Src/stm32f4xx_hal_rcc_ex.o
 .debug_info    0x0000ac5c     0x2f4f ./Drivers/STM32F4xx_HAL_Driver/Src/stm32f4xx_hal_uart.o

.debug_abbrev   0x00000000     0x225f
 .debug_abbrev  0x00000000      0x10e ./Core/Src/dma.o
 .debug_abbrev  0x0000010e      0x174 ./Core/Src/gpio.o
 .debug_abbrev  0x00000282      0x224 ./Core/Src/i2c.o
 .debug_abbrev  0x000004a6      0x3c9 ./Core/Src/main.o
 .debug_abbrev  0x0000086f       0xf4 ./Core/Src/stm32f4xx_hal_msp.o
 .debug_abbrev  0x00000963      0x1a6 ./Core/Src/stm32f4xx_it.o
 .debug_abbrev  0x00000b09      0x11a ./Core/Src/system_stm32f4xx.o
 .debug_abbrev  0x00000c23      0x22c ./Core/Src/usart.o
 .debug_abbrev  0x00000e4f       0x24 ./Core/Startup/startup_stm32f446retx.o
 .debug_abbrev  0x00000e73      0x214 ./Drivers/STM32F4xx_HAL_Driver/Src/stm32f4xx_hal.o
 .debug_abbrev  0x00001087      0x31d ./Drivers/STM32F4xx_HAL_Driver/Src/stm32f4xx_hal_cortex.o
 .debug_abbrev  0x000013a4      0x264 ./Drivers/STM32F4xx_HAL_Driver/Src/stm32f4xx_hal_dma.o
 .debug_abbrev  0x00001608      0x1d4 ./Drivers/STM32F4xx_HAL_Driver/Src/stm32f4xx_hal_gpio.o
 .debug_abbrev  0x000017dc      0x2ad ./Drivers/STM32F4xx_HAL_Driver/Src/stm32f4xx_hal_i2c.o
 .debug_abbrev  0x00001a89      0x2b7 ./Drivers/STM32F4xx_HAL_Driver/Src/stm32f4xx_hal_rcc.o
 .debug_abbrev  0x00001d40      0x211 ./Drivers/STM32F4xx_HAL_Driver/Src/stm32f4xx_hal_rcc_ex.o
 .debug_abbrev  0x00001f51      0x30e ./Drivers/STM32F4xx_HAL_Driver/Src/stm32f4xx_hal_uart.o

.debug_aranges  0x00000000      0xb50
 .debug_aranges
                0x00000000       0x20 ./Core/Src/dma.o
 .debug_aranges
                0x00000020       0x20 ./Core/Src/gpio.o
 .debug_aranges
                0x00000040       0x30 ./Core/Src/i2c.o
 .debug_aranges
                0x00000070       0xf8 ./Core/Src/main.o
 .debug_aranges
                0x00000168       0x20 ./Core/Src/stm32f4xx_hal_msp.o
 .debug_aranges
                0x00000188       0x90 ./Core/Src/stm32f4xx_it.o
 .debug_aranges
                0x00000218       0x28 ./Core/Src/system_stm32f4xx.o
 .debug_aranges
                0x00000240       0x30 ./Core/Src/usart.o
 .debug_aranges
                0x00000270       0x28 ./Core/Startup/startup_stm32f446retx.o
 .debug_aranges
                0x00000298       0xf0 ./Drivers/STM32F4xx_HAL_Driver/Src/stm32f4xx_hal.o
 .debug_aranges
                0x00000388      0x130 ./Drivers/STM32F4xx_HAL_Driver/Src/stm32f4xx_hal_cortex.o
 .debug_aranges
                0x000004b8       0x90 ./Drivers/STM32F4xx_HAL_Driver/Src/stm32f4xx_hal_dma.o
 .debug_aranges
                0x00000548       0x58 ./Drivers/STM32F4xx_HAL_Driver/Src/stm32f4xx_hal_gpio.o
 .debug_aranges
                0x000005a0      0x2a8 ./Drivers/STM32F4xx_HAL_Driver/Src/stm32f4xx_hal_i2c.o
 .debug_aranges
                0x00000848       0x88 ./Drivers/STM32F4xx_HAL_Driver/Src/stm32f4xx_hal_rcc.o
 .debug_aranges
                0x000008d0       0x78 ./Drivers/STM32F4xx_HAL_Driver/Src/stm32f4xx_hal_rcc_ex.o
 .debug_aranges
                0x00000948      0x208 ./Drivers/STM32F4xx_HAL_Driver/Src/stm32f4xx_hal_uart.o

.debug_rnglists
                0x00000000      0x8ce
 .debug_rnglists
                0x00000000       0x13 ./Core/Src/dma.o
 .debug_rnglists
                0x00000013       0x14 ./Core/Src/gpio.o
 .debug_rnglists
                0x00000027       0x20 ./Core/Src/i2c.o
 .debug_rnglists
                0x00000047       0xc0 ./Core/Src/main.o
 .debug_rnglists
                0x00000107       0x13 ./Core/Src/stm32f4xx_hal_msp.o
 .debug_rnglists
                0x0000011a       0x67 ./Core/Src/stm32f4xx_it.o
 .debug_rnglists
                0x00000181       0x1a ./Core/Src/system_stm32f4xx.o
 .debug_rnglists
                0x0000019b       0x20 ./Core/Src/usart.o
 .debug_rnglists
                0x000001bb       0x19 ./Core/Startup/startup_stm32f446retx.o
 .debug_rnglists
                0x000001d4       0xaf ./Drivers/STM32F4xx_HAL_Driver/Src/stm32f4xx_hal.o
 .debug_rnglists
                0x00000283       0xe0 ./Drivers/STM32F4xx_HAL_Driver/Src/stm32f4xx_hal_cortex.o
 .debug_rnglists
                0x00000363       0x70 ./Drivers/STM32F4xx_HAL_Driver/Src/stm32f4xx_hal_dma.o
 .debug_rnglists
                0x000003d3       0x3f ./Drivers/STM32F4xx_HAL_Driver/Src/stm32f4xx_hal_gpio.o
 .debug_rnglists
                0x00000412      0x23c ./Drivers/STM32F4xx_HAL_Driver/Src/stm32f4xx_hal_i2c.o
 .debug_rnglists
                0x0000064e       0x66 ./Drivers/STM32F4xx_HAL_Driver/Src/stm32f4xx_hal_rcc.o
 .debug_rnglists
                0x000006b4       0x5e ./Drivers/STM32F4xx_HAL_Driver/Src/stm32f4xx_hal_rcc_ex.o
 .debug_rnglists
                0x00000712      0x1bc ./Drivers/STM32F4xx_HAL_Driver/Src/stm32f4xx_hal_uart.o

.debug_macro    0x00000000    0x21b23
 .debug_macro   0x00000000      0x1ec ./Core/Src/dma.o
 .debug_macro   0x000001ec      0xad8 ./Core/Src/dma.o
 .debug_macro   0x00000cc4      0x29b ./Core/Src/dma.o
 .debug_macro   0x00000f5f       0x2e ./Core/Src/dma.o
 .debug_macro   0x00000f8d       0x28 ./Core/Src/dma.o
 .debug_macro   0x00000fb5       0x22 ./Core/Src/dma.o
 .debug_macro   0x00000fd7       0x8e ./Core/Src/dma.o
 .debug_macro   0x00001065       0x51 ./Core/Src/dma.o
 .debug_macro   0x000010b6      0x103 ./Core/Src/dma.o
 .debug_macro   0x000011b9       0x6a ./Core/Src/dma.o
 .debug_macro   0x00001223      0x1df ./Core/Src/dma.o
 .debug_macro   0x00001402       0x1c ./Core/Src/dma.o
 .debug_macro   0x0000141e       0x22 ./Core/Src/dma.o
 .debug_macro   0x00001440       0xfb ./Core/Src/dma.o
 .debug_macro   0x0000153b     0x1011 ./Core/Src/dma.o
 .debug_macro   0x0000254c      0x11f ./Core/Src/dma.o
 .debug_macro   0x0000266b    0x1675e ./Core/Src/dma.o
 .debug_macro   0x00018dc9       0x6d ./Core/Src/dma.o
 .debug_macro   0x00018e36     0x3693 ./Core/Src/dma.o
 .debug_macro   0x0001c4c9      0x190 ./Core/Src/dma.o
 .debug_macro   0x0001c659       0x5c ./Core/Src/dma.o
 .debug_macro   0x0001c6b5      0xca5 ./Core/Src/dma.o
 .debug_macro   0x0001d35a      0x9e9 ./Core/Src/dma.o
 .debug_macro   0x0001dd43      0x115 ./Core/Src/dma.o
 .debug_macro   0x0001de58      0x1a0 ./Core/Src/dma.o
 .debug_macro   0x0001dff8       0xa5 ./Core/Src/dma.o
 .debug_macro   0x0001e09d      0x16d ./Core/Src/dma.o
 .debug_macro   0x0001e20a      0x287 ./Core/Src/dma.o
 .debug_macro   0x0001e491       0x5f ./Core/Src/dma.o
 .debug_macro   0x0001e4f0      0x236 ./Core/Src/dma.o
 .debug_macro   0x0001e726      0x132 ./Core/Src/dma.o
 .debug_macro   0x0001e858      0x29c ./Core/Src/dma.o
 .debug_macro   0x0001eaf4       0x2e ./Core/Src/dma.o
 .debug_macro   0x0001eb22      0x1b5 ./Core/Src/dma.o
 .debug_macro   0x0001ecd7       0x22 ./Core/Src/dma.o
 .debug_macro   0x0001ecf9       0xd6 ./Core/Src/dma.o
 .debug_macro   0x0001edcf      0x127 ./Core/Src/dma.o
 .debug_macro   0x0001eef6       0xe8 ./Core/Src/dma.o
 .debug_macro   0x0001efde       0x89 ./Core/Src/dma.o
 .debug_macro   0x0001f067      0x2aa ./Core/Src/dma.o
 .debug_macro   0x0001f311      0x126 ./Core/Src/dma.o
 .debug_macro   0x0001f437       0x5e ./Core/Src/dma.o
 .debug_macro   0x0001f495      0x1ec ./Core/Src/gpio.o
 .debug_macro   0x0001f681      0x1ec ./Core/Src/i2c.o
 .debug_macro   0x0001f86d      0x387 ./Core/Src/main.o
 .debug_macro   0x0001fbf4       0x61 ./Core/Src/main.o
 .debug_macro   0x0001fc55       0x2a ./Core/Src/main.o
 .debug_macro   0x0001fc7f       0x43 ./Core/Src/main.o
 .debug_macro   0x0001fcc2       0x34 ./Core/Src/main.o
 .debug_macro   0x0001fcf6      0x370 ./Core/Src/main.o
 .debug_macro   0x00020066       0x16 ./Core/Src/main.o
 .debug_macro   0x0002007c       0x4a ./Core/Src/main.o
 .debug_macro   0x000200c6       0x34 ./Core/Src/main.o
 .debug_macro   0x000200fa       0x10 ./Core/Src/main.o
 .debug_macro   0x0002010a       0x58 ./Core/Src/main.o
 .debug_macro   0x00020162       0x8e ./Core/Src/main.o
 .debug_macro   0x000201f0       0x1c ./Core/Src/main.o
 .debug_macro   0x0002020c      0x185 ./Core/Src/main.o
 .debug_macro   0x00020391       0x10 ./Core/Src/main.o
 .debug_macro   0x000203a1       0x3c ./Core/Src/main.o
 .debug_macro   0x000203dd       0x20 ./Core/Src/main.o
 .debug_macro   0x000203fd       0x22 ./Core/Src/main.o
 .debug_macro   0x0002041f      0x1e2 ./Core/Src/stm32f4xx_hal_msp.o
 .debug_macro   0x00020601      0x1ec ./Core/Src/stm32f4xx_it.o
 .debug_macro   0x000207ed      0x1d3 ./Core/Src/system_stm32f4xx.o
 .debug_macro   0x000209c0      0x1ec ./Core/Src/usart.o
 .debug_macro   0x00020bac      0x233 ./Drivers/STM32F4xx_HAL_Driver/Src/stm32f4xx_hal.o
 .debug_macro   0x00020ddf      0x1d3 ./Drivers/STM32F4xx_HAL_Driver/Src/stm32f4xx_hal_cortex.o
 .debug_macro   0x00020fb2      0x1d9 ./Drivers/STM32F4xx_HAL_Driver/Src/stm32f4xx_hal_dma.o
 .debug_macro   0x0002118b      0x1d9 ./Drivers/STM32F4xx_HAL_Driver/Src/stm32f4xx_hal_gpio.o
 .debug_macro   0x00021364      0x221 ./Drivers/STM32F4xx_HAL_Driver/Src/stm32f4xx_hal_i2c.o
 .debug_macro   0x00021585      0x1f7 ./Drivers/STM32F4xx_HAL_Driver/Src/stm32f4xx_hal_rcc.o
 .debug_macro   0x0002177c      0x1d3 ./Drivers/STM32F4xx_HAL_Driver/Src/stm32f4xx_hal_rcc_ex.o
 .debug_macro   0x0002194f      0x1d4 ./Drivers/STM32F4xx_HAL_Driver/Src/stm32f4xx_hal_uart.o

.debug_line     0x00000000     0xfc36
 .debug_line    0x00000000      0x724 ./Core/Src/dma.o
 .debug_line    0x00000724      0x742 ./Core/Src/gpio.o
 .debug_line    0x00000e66      0x7c5 ./Core/Src/i2c.o
 .debug_line    0x0000162b     0x118b ./Core/Src/main.o
 .debug_line    0x000027b6      0x727 ./Core/Src/stm32f4xx_hal_msp.o
 .debug_line    0x00002edd      0x865 ./Core/Src/stm32f4xx_it.o
 .debug_line    0x00003742      0x79c ./Core/Src/system_stm32f4xx.o
 .debug_line    0x00003ede      0x7c2 ./Core/Src/usart.o
 .debug_line    0x000046a0       0x7a ./Core/Startup/startup_stm32f446retx.o
 .debug_line    0x0000471a      0xa18 ./Drivers/STM32F4xx_HAL_Driver/Src/stm32f4xx_hal.o
 .debug_line    0x00005132      0xce8 ./Drivers/STM32F4xx_HAL_Driver/Src/stm32f4xx_hal_cortex.o
 .debug_line    0x00005e1a      0xf84 ./Drivers/STM32F4xx_HAL_Driver/Src/stm32f4xx_hal_dma.o
 .debug_line    0x00006d9e      0xb5c ./Drivers/STM32F4xx_HAL_Driver/Src/stm32f4xx_hal_gpio.o
 .debug_line    0x000078fa     0x3ac5 ./Drivers/STM32F4xx_HAL_Driver/Src/stm32f4xx_hal_i2c.o
 .debug_line    0x0000b3bf      0xe33 ./Drivers/STM32F4xx_HAL_Driver/Src/stm32f4xx_hal_rcc.o
 .debug_line    0x0000c1f2     0x14e4 ./Drivers/STM32F4xx_HAL_Driver/Src/stm32f4xx_hal_rcc_ex.o
 .debug_line    0x0000d6d6     0x2560 ./Drivers/STM32F4xx_HAL_Driver/Src/stm32f4xx_hal_uart.o

.debug_str      0x00000000    0xcac9e
 .debug_str     0x00000000    0xcac9e ./Core/Src/dma.o
                              0xc474b (size before relaxing)
 .debug_str     0x000cac9e    0xc4819 ./Core/Src/gpio.o
 .debug_str     0x000cac9e    0xc4d8a ./Core/Src/i2c.o
 .debug_str     0x000cac9e    0xc8340 ./Core/Src/main.o
 .debug_str     0x000cac9e    0xc420a ./Core/Src/stm32f4xx_hal_msp.o
 .debug_str     0x000cac9e    0xc4959 ./Core/Src/stm32f4xx_it.o
 .debug_str     0x000cac9e    0xc415b ./Core/Src/system_stm32f4xx.o
 .debug_str     0x000cac9e    0xc4d15 ./Core/Src/usart.o
 .debug_str     0x000cac9e       0x77 ./Core/Startup/startup_stm32f446retx.o
 .debug_str     0x000cac9e    0xc4d20 ./Drivers/STM32F4xx_HAL_Driver/Src/stm32f4xx_hal.o
 .debug_str     0x000cac9e    0xc4a77 ./Drivers/STM32F4xx_HAL_Driver/Src/stm32f4xx_hal_cortex.o
 .debug_str     0x000cac9e    0xc4550 ./Drivers/STM32F4xx_HAL_Driver/Src/stm32f4xx_hal_dma.o
 .debug_str     0x000cac9e    0xc42d6 ./Drivers/STM32F4xx_HAL_Driver/Src/stm32f4xx_hal_gpio.o
 .debug_str     0x000cac9e    0xc5159 ./Drivers/STM32F4xx_HAL_Driver/Src/stm32f4xx_hal_i2c.o
 .debug_str     0x000cac9e    0xc4594 ./Drivers/STM32F4xx_HAL_Driver/Src/stm32f4xx_hal_rcc.o
 .debug_str     0x000cac9e    0xc45c7 ./Drivers/STM32F4xx_HAL_Driver/Src/stm32f4xx_hal_rcc_ex.o
 .debug_str     0x000cac9e    0xc4b4b ./Drivers/STM32F4xx_HAL_Driver/Src/stm32f4xx_hal_uart.o

.comment        0x00000000       0x43
 .comment       0x00000000       0x43 ./Core/Src/dma.o
                                 0x44 (size before relaxing)
 .comment       0x00000043       0x44 ./Core/Src/gpio.o
 .comment       0x00000043       0x44 ./Core/Src/i2c.o
 .comment       0x00000043       0x44 ./Core/Src/main.o
 .comment       0x00000043       0x44 ./Core/Src/stm32f4xx_hal_msp.o
 .comment       0x00000043       0x44 ./Core/Src/stm32f4xx_it.o
 .comment       0x00000043       0x44 ./Core/Src/system_stm32f4xx.o
 .comment       0x00000043       0x44 ./Core/Src/usart.o
 .comment       0x00000043       0x44 ./Drivers/STM32F4xx_HAL_Driver/Src/stm32f4xx_hal.o
 .comment       0x00000043       0x44 ./Drivers/STM32F4xx_HAL_Driver/Src/stm32f4xx_hal_cortex.o
 .comment       0x00000043       0x44 ./Drivers/STM32F4xx_HAL_Driver/Src/stm32f4xx_hal_dma.o
 .comment       0x00000043       0x44 ./Drivers/STM32F4xx_HAL_Driver/Src/stm32f4xx_hal_gpio.o
 .comment       0x00000043       0x44 ./Drivers/STM32F4xx_HAL_Driver/Src/stm32f4xx_hal_i2c.o
 .comment       0x00000043       0x44 ./Drivers/STM32F4xx_HAL_Driver/Src/stm32f4xx_hal_rcc.o
 .comment       0x00000043       0x44 ./Drivers/STM32F4xx_HAL_Driver/Src/stm32f4xx_hal_rcc_ex.o
 .comment       0x00000043       0x44 ./Drivers/STM32F4xx_HAL_Driver/Src/stm32f4xx_hal_uart.o

.debug_frame    0x00000000     0x2e3c
 .debug_frame   0x00000000       0x34 ./Core/Src/dma.o
 .debug_frame   0x00000034       0x34 ./Core/Src/gpio.o
 .debug_frame   0x00000068       0x74 ./Core/Src/i2c.o
 .debug_frame   0x000000dc      0x414 ./Core/Src/main.o
 .debug_frame   0x000004f0       0x34 ./Core/Src/stm32f4xx_hal_msp.o
 .debug_frame   0x00000524      0x1ac ./Core/Src/stm32f4xx_it.o
 .debug_frame   0x000006d0       0x58 ./Core/Src/system_stm32f4xx.o
 .debug_frame   0x00000728       0x74 ./Core/Src/usart.o
 .debug_frame   0x0000079c      0x374 ./Drivers/STM32F4xx_HAL_Driver/Src/stm32f4xx_hal.o
 .debug_frame   0x00000b10      0x508 ./Drivers/STM32F4xx_HAL_Driver/Src/stm32f4xx_hal_cortex.o
 .debug_frame   0x00001018      0x250 ./Drivers/STM32F4xx_HAL_Driver/Src/stm32f4xx_hal_dma.o
 .debug_frame   0x00001268      0x14c ./Drivers/STM32F4xx_HAL_Driver/Src/stm32f4xx_hal_gpio.o
 .debug_frame   0x000013b4      0xc84 ./Drivers/STM32F4xx_HAL_Driver/Src/stm32f4xx_hal_i2c.o
 .debug_frame   0x00002038      0x1f4 ./Drivers/STM32F4xx_HAL_Driver/Src/stm32f4xx_hal_rcc.o
 .debug_frame   0x0000222c      0x1e8 ./Drivers/STM32F4xx_HAL_Driver/Src/stm32f4xx_hal_rcc_ex.o
 .debug_frame   0x00002414      0x954 ./Drivers/STM32F4xx_HAL_Driver/Src/stm32f4xx_hal_uart.o
 .debug_frame   0x00002d68       0x20 C:/Users/HAHHAHAHAHAHAH/Documents/STM32CubeIDE_1.19.0/STM32CubeIDE/plugins/com.st.stm32cube.ide.mcu.externaltools.gnu-tools-for-stm32.13.3.rel1.win32_1.0.0.202411081344/tools/bin/../lib/gcc/arm-none-eabi/13.3.1/../../../../arm-none-eabi/lib/thumb/v7e-m+fp/hard\libc_nano.a(libc_a-memset.o)
 .debug_frame   0x00002d88       0x2c C:/Users/HAHHAHAHAHAHAH/Documents/STM32CubeIDE_1.19.0/STM32CubeIDE/plugins/com.st.stm32cube.ide.mcu.externaltools.gnu-tools-for-stm32.13.3.rel1.win32_1.0.0.202411081344/tools/bin/../lib/gcc/arm-none-eabi/13.3.1/../../../../arm-none-eabi/lib/thumb/v7e-m+fp/hard\libc_nano.a(libc_a-init.o)
 .debug_frame   0x00002db4       0x28 C:/Users/HAHHAHAHAHAHAH/Documents/STM32CubeIDE_1.19.0/STM32CubeIDE/plugins/com.st.stm32cube.ide.mcu.externaltools.gnu-tools-for-stm32.13.3.rel1.win32_1.0.0.202411081344/tools/bin/../lib/gcc/arm-none-eabi/13.3.1/../../../../arm-none-eabi/lib/thumb/v7e-m+fp/hard\libc_nano.a(libc_a-memcpy-stub.o)
 .debug_frame   0x00002ddc       0x2c C:/Users/HAHHAHAHAHAHAH/Documents/STM32CubeIDE_1.19.0/STM32CubeIDE/plugins/com.st.stm32cube.ide.mcu.externaltools.gnu-tools-for-stm32.13.3.rel1.win32_1.0.0.202411081344/tools/bin/../lib/gcc/arm-none-eabi/13.3.1/thumb/v7e-m+fp/hard\libgcc.a(_aeabi_uldivmod.o)
 .debug_frame   0x00002e08       0x34 C:/Users/HAHHAHAHAHAHAH/Documents/STM32CubeIDE_1.19.0/STM32CubeIDE/plugins/com.st.stm32cube.ide.mcu.externaltools.gnu-tools-for-stm32.13.3.rel1.win32_1.0.0.202411081344/tools/bin/../lib/gcc/arm-none-eabi/13.3.1/thumb/v7e-m+fp/hard\libgcc.a(_udivmoddi4.o)

.debug_line_str
                0x00000000       0x5b
 .debug_line_str
                0x00000000       0x5b ./Core/Startup/startup_stm32f446retx.o
