../Core/Src/main.c:69:13:uart_print	16	static
../Core/Src/main.c:75:17:tim_apb1_clk_hz	16	static
../Core/Src/main.c:82:12:pwm_set_tim3_ch2	112	static
../Core/Src/main.c:117:13:report_ic_uart	184	static
../Core/Src/main.c:143:13:handle_line	40	static
../Core/Src/main.c:170:5:main	8	static
../Core/Src/main.c:235:6:SystemClock_Config	88	static
../Core/Src/main.c:279:6:HAL_UART_RxCpltCallback	24	static
../Core/Src/main.c:311:6:HAL_TIM_IC_CaptureCallback	16	static
../Core/Src/main.c:333:6:Error_Handler	4	static,ignoring_inline_asm
